Archive member included to satisfy reference by file (symbol)

/home/bballant/.local/arm-gnu-toolchain-12.2.mpacbti-bet1-x86_64-arm-none-eabi/bin/../lib/gcc/arm-none-eabi/12.2.0/../../../../arm-none-eabi/lib/thumb/v7e-m+fp/hard/libc.a(libc_a-memcpy.o)
                              rtos/queue.o (memcpy)
/home/bballant/code/stm32/f4/libopencm3stm32/lib/libopencm3_stm32f4.a(gpio_common_all.o)
                              uart.o (gpio_toggle)
/home/bballant/code/stm32/f4/libopencm3stm32/lib/libopencm3_stm32f4.a(gpio_common_f0234.o)
                              uart.o (gpio_mode_setup)
/home/bballant/code/stm32/f4/libopencm3stm32/lib/libopencm3_stm32f4.a(rcc_common_all.o)
                              uart.o (rcc_periph_clock_enable)
/home/bballant/code/stm32/f4/libopencm3stm32/lib/libopencm3_stm32f4.a(rcc.o)
                              uart.o (rcc_clock_setup_pll)
/home/bballant/code/stm32/f4/libopencm3stm32/lib/libopencm3_stm32f4.a(usart_common_all.o)
                              uart.o (usart_set_baudrate)
/home/bballant/code/stm32/f4/libopencm3stm32/lib/libopencm3_stm32f4.a(usart_common_f124.o)
                              /home/bballant/code/stm32/f4/libopencm3stm32/lib/libopencm3_stm32f4.a(usart_common_all.o) (usart_send)
/home/bballant/code/stm32/f4/libopencm3stm32/lib/libopencm3_stm32f4.a(vector.o)
                              (reset_handler)
/home/bballant/code/stm32/f4/libopencm3stm32/lib/libopencm3_stm32f4.a(flash_common_all.o)
                              /home/bballant/code/stm32/f4/libopencm3stm32/lib/libopencm3_stm32f4.a(rcc.o) (flash_set_ws)
/home/bballant/code/stm32/f4/libopencm3stm32/lib/libopencm3_stm32f4.a(flash_common_idcache.o)
                              /home/bballant/code/stm32/f4/libopencm3stm32/lib/libopencm3_stm32f4.a(rcc.o) (flash_dcache_enable)
/home/bballant/code/stm32/f4/libopencm3stm32/lib/libopencm3_stm32f4.a(pwr.o)
                              /home/bballant/code/stm32/f4/libopencm3stm32/lib/libopencm3_stm32f4.a(rcc.o) (pwr_set_vos_scale)

Discarded input sections

 .text          0x00000000        0x0 uart.o
 .data          0x00000000        0x0 uart.o
 .bss           0x00000000        0x0 uart.o
 .text          0x00000000        0x0 rtos/heap_4.o
 .data          0x00000000        0x0 rtos/heap_4.o
 .bss           0x00000000        0x0 rtos/heap_4.o
 .text.xPortGetFreeHeapSize
                0x00000000        0xc rtos/heap_4.o
 .text.xPortGetMinimumEverFreeHeapSize
                0x00000000        0xc rtos/heap_4.o
 .text.vPortInitialiseBlocks
                0x00000000        0x2 rtos/heap_4.o
 .text          0x00000000        0x0 rtos/list.o
 .data          0x00000000        0x0 rtos/list.o
 .bss           0x00000000        0x0 rtos/list.o
 .text          0x00000000        0x0 rtos/port.o
 .data          0x00000000        0x0 rtos/port.o
 .bss           0x00000000        0x0 rtos/port.o
 .text.vPortEndScheduler
                0x00000000        0x2 rtos/port.o
 .text          0x00000000        0x0 rtos/queue.o
 .data          0x00000000        0x0 rtos/queue.o
 .bss           0x00000000        0x0 rtos/queue.o
 .text.prvCopyDataToQueue
                0x00000000       0x66 rtos/queue.o
 .text.prvCopyDataFromQueue
                0x00000000       0x2c rtos/queue.o
 .text.prvUnlockQueue
                0x00000000       0x70 rtos/queue.o
 .text.xQueueGenericReset
                0x00000000       0x6a rtos/queue.o
 .text.xQueueGenericCreate
                0x00000000       0x2e rtos/queue.o
 .text.xQueueGenericSend
                0x00000000      0x114 rtos/queue.o
 .text.xQueueCreateMutex
                0x00000000       0x24 rtos/queue.o
 .text.xQueueGenericSendFromISR
                0x00000000       0x62 rtos/queue.o
 .text.xQueueGiveFromISR
                0x00000000       0x56 rtos/queue.o
 .text.xQueueGenericReceive
                0x00000000      0x140 rtos/queue.o
 .text.xQueueReceiveFromISR
                0x00000000       0x64 rtos/queue.o
 .text.xQueuePeekFromISR
                0x00000000       0x30 rtos/queue.o
 .text.uxQueueMessagesWaiting
                0x00000000       0x12 rtos/queue.o
 .text.uxQueueSpacesAvailable
                0x00000000       0x16 rtos/queue.o
 .text.uxQueueMessagesWaitingFromISR
                0x00000000        0x4 rtos/queue.o
 .text.vQueueDelete
                0x00000000        0x4 rtos/queue.o
 .text.xQueueIsQueueEmptyFromISR
                0x00000000        0xa rtos/queue.o
 .text.xQueueIsQueueFullFromISR
                0x00000000        0xc rtos/queue.o
 .debug_info    0x00000000     0x147a rtos/queue.o
 .debug_abbrev  0x00000000      0x34d rtos/queue.o
 .debug_loclists
                0x00000000      0x911 rtos/queue.o
 .debug_aranges
                0x00000000       0xa8 rtos/queue.o
 .debug_rnglists
                0x00000000      0x13a rtos/queue.o
 .debug_line    0x00000000      0xdaa rtos/queue.o
 .debug_str     0x00000000      0x7d8 rtos/queue.o
 .comment       0x00000000       0x4d rtos/queue.o
[...]
Memory Configuration

Name             Origin             Length             Attributes
rom              0x08000000         0x00080000         xr
ram              0x20000000         0x00020000         xrw
*default*        0x00000000         0xffffffff

Linker script and memory map

LOAD uart.o
LOAD rtos/heap_4.o
LOAD rtos/list.o
LOAD rtos/port.o
LOAD rtos/queue.o
LOAD rtos/tasks.o
LOAD rtos/opencm3.o
START GROUP
LOAD /home/bballant/.local/arm-gnu-toolchain-12.2.mpacbti-bet1-x86_64-arm-none-eabi/bin/../lib/gcc/arm-none-eabi/12.2.0/../../../../arm-none-eabi/lib/thumb/v7e-m+fp/hard/libc.a
LOAD /home/bballant/.local/arm-gnu-toolchain-12.2.mpacbti-bet1-x86_64-arm-none-eabi/bin/../lib/gcc/arm-none-eabi/12.2.0/thumb/v7e-m+fp/hard/libgcc.a
LOAD /home/bballant/.local/arm-gnu-toolchain-12.2.mpacbti-bet1-x86_64-arm-none-eabi/bin/../lib/gcc/arm-none-eabi/12.2.0/../../../../arm-none-eabi/lib/thumb/v7e-m+fp/hard/libnosys.a
END GROUP
LOAD /home/bballant/code/stm32/f4//libwwg/libwwg.a
LOAD /home/bballant/code/stm32/f4/libopencm3stm32/lib/libopencm3_stm32f4.a
START GROUP
LOAD /home/bballant/.local/arm-gnu-toolchain-12.2.mpacbti-bet1-x86_64-arm-none-eabi/bin/../lib/gcc/arm-none-eabi/12.2.0/thumb/v7e-m+fp/hard/libgcc.a
LOAD /home/bballant/.local/arm-gnu-toolchain-12.2.mpacbti-bet1-x86_64-arm-none-eabi/bin/../lib/gcc/arm-none-eabi/12.2.0/../../../../arm-none-eabi/lib/thumb/v7e-m+fp/hard/libc.a
END GROUP
START GROUP
LOAD /home/bballant/.local/arm-gnu-toolchain-12.2.mpacbti-bet1-x86_64-arm-none-eabi/bin/../lib/gcc/arm-none-eabi/12.2.0/thumb/v7e-m+fp/hard/libgcc.a
LOAD /home/bballant/.local/arm-gnu-toolchain-12.2.mpacbti-bet1-x86_64-arm-none-eabi/bin/../lib/gcc/arm-none-eabi/12.2.0/../../../../arm-none-eabi/lib/thumb/v7e-m+fp/hard/libc.a
LOAD /home/bballant/.local/arm-gnu-toolchain-12.2.mpacbti-bet1-x86_64-arm-none-eabi/bin/../lib/gcc/arm-none-eabi/12.2.0/../../../../arm-none-eabi/lib/thumb/v7e-m+fp/hard/libnosys.a
END GROUP

.text           0x08000000     0x115c
 *(.vectors)
 .vectors       0x08000000      0x1ac /home/bballant/code/stm32/f4/libopencm3stm32/lib/libopencm3_stm32f4.a(vector.o)
                0x08000000                vector_table
 *(.text*)
 .text.task1    0x080001ac       0x50 uart.o
 .text.startup.main
                0x080001fc       0xc4 uart.o
                0x080001fc                main
 .text.prvInsertBlockIntoFreeList
                0x080002c0       0x50 rtos/heap_4.o
 .text.pvPortMalloc
                0x08000310       0xf8 rtos/heap_4.o
                0x08000310                pvPortMalloc
 .text.vPortFree
                0x08000408       0x4c rtos/heap_4.o
                0x08000408                vPortFree
 .text.vListInitialise
                0x08000454       0x16 rtos/list.o
                0x08000454                vListInitialise
 .text.vListInitialiseItem
                0x0800046a        0x6 rtos/list.o
                0x0800046a                vListInitialiseItem
 .text.vListInsertEnd
                0x08000470       0x16 rtos/list.o
                0x08000470                vListInsertEnd
 .text.vListInsert
                0x08000486       0x2e rtos/list.o
                0x08000486                vListInsert
 .text.uxListRemove
                0x080004b4       0x1e rtos/list.o
                0x080004b4                uxListRemove
 .text.prvTaskExitError
                0x080004d2       0x12 rtos/port.o
 .text.prvPortStartFirstTask
                0x080004e4       0x20 rtos/port.o
 .text.pxPortInitialiseStack
                0x08000504       0x24 rtos/port.o
                0x08000504                pxPortInitialiseStack
 *fill*         0x08000528        0x8 
 .text.vPortSVCHandler
                0x08000530       0x24 rtos/port.o
                0x08000530                vPortSVCHandler
 .text.vPortEnterCritical
                0x08000554       0x20 rtos/port.o
                0x08000554                vPortEnterCritical
 .text.vPortExitCritical
                0x08000574       0x14 rtos/port.o
                0x08000574                vPortExitCritical
 *fill*         0x08000588        0x8 
 .text.xPortPendSVHandler
                0x08000590       0x44 rtos/port.o
                0x08000590                xPortPendSVHandler
 .text.xPortSysTickHandler
                0x080005d4       0x2c rtos/port.o
                0x080005d4                xPortSysTickHandler
 .text.vPortSetupTimerInterrupt
                0x08000600       0x10 rtos/port.o
                0x08000600                vPortSetupTimerInterrupt
 .text.xPortStartScheduler
                0x08000610       0x34 rtos/port.o
                0x08000610                xPortStartScheduler
 .text.prvIdleTask
                0x08000644       0x24 rtos/tasks.o
 .text.prvResetNextTaskUnblockTime
                0x08000668       0x24 rtos/tasks.o
 .text.prvAddCurrentTaskToDelayedList.constprop.0
                0x0800068c       0x70 rtos/tasks.o
 .text.xTaskCreate
                0x080006fc      0x190 rtos/tasks.o
                0x080006fc                xTaskCreate
 .text.vTaskStartScheduler
                0x0800088c       0x60 rtos/tasks.o
                0x0800088c                vTaskStartScheduler
 .text.vTaskSuspendAll
                0x080008ec       0x10 rtos/tasks.o
                0x080008ec                vTaskSuspendAll
 .text.xTaskIncrementTick
                0x080008fc      0x118 rtos/tasks.o
                0x080008fc                xTaskIncrementTick
 .text.xTaskResumeAll
                0x08000a14       0xd8 rtos/tasks.o
                0x08000a14                xTaskResumeAll
 .text.vTaskDelay
                0x08000aec       0x2c rtos/tasks.o
                0x08000aec                vTaskDelay
 .text.vTaskSwitchContext
                0x08000b18       0x5c rtos/tasks.o
                0x08000b18                vTaskSwitchContext
 .text.sv_call_handler
                0x08000b74        0x4 rtos/opencm3.o
                0x08000b74                sv_call_handler
 .text.pend_sv_handler
                0x08000b78        0x4 rtos/opencm3.o
                0x08000b78                pend_sv_handler
 .text.sys_tick_handler
                0x08000b7c        0x4 rtos/opencm3.o
                0x08000b7c                sys_tick_handler
 .text.gpio_toggle
                0x08000b80       0x12 /home/bballant/code/stm32/f4/libopencm3stm32/lib/libopencm3_stm32f4.a(gpio_common_all.o)
                0x08000b80                gpio_toggle
 .text.gpio_mode_setup
                0x08000b92       0x40 /home/bballant/code/stm32/f4/libopencm3stm32/lib/libopencm3_stm32f4.a(gpio_common_f0234.o)
                0x08000b92                gpio_mode_setup
 .text.gpio_set_af
                0x08000bd2       0x58 /home/bballant/code/stm32/f4/libopencm3stm32/lib/libopencm3_stm32f4.a(gpio_common_f0234.o)
                0x08000bd2                gpio_set_af
 .text.rcc_periph_clock_enable
                0x08000c2a       0x1a /home/bballant/code/stm32/f4/libopencm3stm32/lib/libopencm3_stm32f4.a(rcc_common_all.o)
                0x08000c2a                rcc_periph_clock_enable
 .text.rcc_is_osc_ready
                0x08000c44       0x64 /home/bballant/code/stm32/f4/libopencm3stm32/lib/libopencm3_stm32f4.a(rcc.o)
                0x08000c44                rcc_is_osc_ready
 .text.rcc_wait_for_osc_ready
                0x08000ca8       0x10 /home/bballant/code/stm32/f4/libopencm3stm32/lib/libopencm3_stm32f4.a(rcc.o)
                0x08000ca8                rcc_wait_for_osc_ready
 .text.rcc_osc_on
                0x08000cb8       0x74 /home/bballant/code/stm32/f4/libopencm3stm32/lib/libopencm3_stm32f4.a(rcc.o)
                0x08000cb8                rcc_osc_on
 .text.rcc_osc_off
                0x08000d2c       0x74 /home/bballant/code/stm32/f4/libopencm3stm32/lib/libopencm3_stm32f4.a(rcc.o)
                0x08000d2c                rcc_osc_off
 .text.rcc_set_sysclk_source
                0x08000da0       0x18 /home/bballant/code/stm32/f4/libopencm3stm32/lib/libopencm3_stm32f4.a(rcc.o)
                0x08000da0                rcc_set_sysclk_source
 .text.rcc_set_ppre2
                0x08000db8       0x18 /home/bballant/code/stm32/f4/libopencm3stm32/lib/libopencm3_stm32f4.a(rcc.o)
                0x08000db8                rcc_set_ppre2
 .text.rcc_set_ppre1
                0x08000dd0       0x18 /home/bballant/code/stm32/f4/libopencm3stm32/lib/libopencm3_stm32f4.a(rcc.o)
                0x08000dd0                rcc_set_ppre1
 .text.rcc_set_hpre
                0x08000de8       0x18 /home/bballant/code/stm32/f4/libopencm3stm32/lib/libopencm3_stm32f4.a(rcc.o)
                0x08000de8                rcc_set_hpre
 .text.rcc_set_main_pll_hsi
                0x08000e00       0x44 /home/bballant/code/stm32/f4/libopencm3stm32/lib/libopencm3_stm32f4.a(rcc.o)
                0x08000e00                rcc_set_main_pll_hsi
 .text.rcc_set_main_pll_hse
                0x08000e44       0x44 /home/bballant/code/stm32/f4/libopencm3stm32/lib/libopencm3_stm32f4.a(rcc.o)
                0x08000e44                rcc_set_main_pll_hse
 .text.rcc_clock_setup_pll
                0x08000e88       0xe4 /home/bballant/code/stm32/f4/libopencm3stm32/lib/libopencm3_stm32f4.a(rcc.o)
                0x08000e88                rcc_clock_setup_pll
 .text.usart_set_baudrate
                0x08000f6c       0x2c /home/bballant/code/stm32/f4/libopencm3stm32/lib/libopencm3_stm32f4.a(usart_common_all.o)
                0x08000f6c                usart_set_baudrate
 .text.usart_set_databits
                0x08000f98       0x12 /home/bballant/code/stm32/f4/libopencm3stm32/lib/libopencm3_stm32f4.a(usart_common_all.o)
                0x08000f98                usart_set_databits
 .text.usart_set_stopbits
                0x08000faa        0xc /home/bballant/code/stm32/f4/libopencm3stm32/lib/libopencm3_stm32f4.a(usart_common_all.o)
                0x08000faa                usart_set_stopbits
 .text.usart_set_parity
                0x08000fb6        0xc /home/bballant/code/stm32/f4/libopencm3stm32/lib/libopencm3_stm32f4.a(usart_common_all.o)
                0x08000fb6                usart_set_parity
 .text.usart_set_mode
                0x08000fc2        0xc /home/bballant/code/stm32/f4/libopencm3stm32/lib/libopencm3_stm32f4.a(usart_common_all.o)
                0x08000fc2                usart_set_mode
 .text.usart_set_flow_control
                0x08000fce        0xc /home/bballant/code/stm32/f4/libopencm3stm32/lib/libopencm3_stm32f4.a(usart_common_all.o)
                0x08000fce                usart_set_flow_control
 .text.usart_enable
                0x08000fda        0xa /home/bballant/code/stm32/f4/libopencm3stm32/lib/libopencm3_stm32f4.a(usart_common_all.o)
                0x08000fda                usart_enable
 .text.usart_send_blocking
                0x08000fe4       0x16 /home/bballant/code/stm32/f4/libopencm3stm32/lib/libopencm3_stm32f4.a(usart_common_all.o)
                0x08000fe4                usart_send_blocking
 .text.usart_send
                0x08000ffa        0x8 /home/bballant/code/stm32/f4/libopencm3stm32/lib/libopencm3_stm32f4.a(usart_common_f124.o)
                0x08000ffa                usart_send
 .text.usart_wait_send_ready
                0x08001002        0x8 /home/bballant/code/stm32/f4/libopencm3stm32/lib/libopencm3_stm32f4.a(usart_common_f124.o)
                0x08001002                usart_wait_send_ready
 .text.blocking_handler
                0x0800100a        0x2 /home/bballant/code/stm32/f4/libopencm3stm32/lib/libopencm3_stm32f4.a(vector.o)
                0x0800100a                dma2_stream1_isr
                0x0800100a                tim8_brk_tim12_isr
                0x0800100a                dma1_stream7_isr
                0x0800100a                usart3_isr
                0x0800100a                tim7_isr
                0x0800100a                dma2d_isr
                0x0800100a                uart8_isr
                0x0800100a                dma1_stream2_isr
                0x0800100a                otg_hs_isr
                0x0800100a                blocking_handler
                0x0800100a                tim5_isr
                0x0800100a                rtc_wkup_isr
                0x0800100a                otg_fs_isr
                0x0800100a                spi1_isr
                0x0800100a                i2c3_er_isr
                0x0800100a                exti2_isr
                0x0800100a                spi5_isr
                0x0800100a                usb_fs_wkup_isr
                0x0800100a                tamp_stamp_isr
                0x0800100a                can1_rx1_isr
                0x0800100a                dma2_stream0_isr
                0x0800100a                usart1_isr
                0x0800100a                i2c3_ev_isr
                0x0800100a                usage_fault_handler
                0x0800100a                can2_rx0_isr
                0x0800100a                dma1_stream6_isr
                0x0800100a                can2_rx1_isr
                0x0800100a                can1_sce_isr
                0x0800100a                tim1_cc_isr
                0x0800100a                can1_tx_isr
                0x0800100a                tim1_up_tim10_isr
                0x0800100a                sdio_isr
                0x0800100a                eth_isr
                0x0800100a                spi6_isr
                0x0800100a                dma2_stream5_isr
                0x0800100a                pvd_isr
                0x0800100a                can1_rx0_isr
                0x0800100a                rcc_isr
                0x0800100a                dma2_stream3_isr
                0x0800100a                flash_isr
                0x0800100a                uart4_isr
                0x0800100a                lcd_tft_isr
                0x0800100a                rtc_alarm_isr
                0x0800100a                exti15_10_isr
                0x0800100a                hash_rng_isr
                0x0800100a                tim1_trg_com_tim11_isr
                0x0800100a                hard_fault_handler
                0x0800100a                exti1_isr
                0x0800100a                i2c1_ev_isr
                0x0800100a                usart6_isr
                0x0800100a                spi2_isr
                0x0800100a                cryp_isr
                0x0800100a                nvic_wwdg_isr
                0x0800100a                dma1_stream1_isr
                0x0800100a                dma2_stream4_isr
                0x0800100a                exti3_isr
                0x0800100a                tim3_isr
                0x0800100a                usart2_isr
                0x0800100a                sai1_isr
                0x0800100a                fpu_isr
                0x0800100a                dma1_stream4_isr
                0x0800100a                i2c2_er_isr
                0x0800100a                i2c2_ev_isr
                0x0800100a                uart5_isr
                0x0800100a                dma2_stream6_isr
                0x0800100a                spi4_isr
                0x0800100a                adc_isr
                0x0800100a                dma2_stream7_isr
                0x0800100a                tim8_up_tim13_isr
                0x0800100a                fsmc_isr
                0x0800100a                exti4_isr
                0x0800100a                tim6_dac_isr
                0x0800100a                dma1_stream3_isr
                0x0800100a                tim8_trg_com_tim14_isr
                0x0800100a                mem_manage_handler
                0x0800100a                lcd_tft_err_isr
                0x0800100a                can2_tx_isr
                0x0800100a                exti9_5_isr
                0x0800100a                tim1_brk_tim9_isr
                0x0800100a                uart7_isr
                0x0800100a                can2_sce_isr
                0x0800100a                tim4_isr
                0x0800100a                otg_hs_wkup_isr
                0x0800100a                i2c1_er_isr
                0x0800100a                dma1_stream0_isr
                0x0800100a                tim8_cc_isr
                0x0800100a                dcmi_isr
                0x0800100a                dma2_stream2_isr
                0x0800100a                eth_wkup_isr
                0x0800100a                bus_fault_handler
                0x0800100a                otg_hs_ep1_out_isr
                0x0800100a                spi3_isr
                0x0800100a                dma1_stream5_isr
                0x0800100a                otg_hs_ep1_in_isr
                0x0800100a                tim2_isr
                0x0800100a                exti0_isr
 .text.null_handler
                0x0800100c        0x2 /home/bballant/code/stm32/f4/libopencm3stm32/lib/libopencm3_stm32f4.a(vector.o)
                0x0800100c                null_handler
                0x0800100c                debug_monitor_handler
                0x0800100c                nmi_handler
 *fill*         0x0800100e        0x2 
 .text.reset_handler
                0x08001010       0xa0 /home/bballant/code/stm32/f4/libopencm3stm32/lib/libopencm3_stm32f4.a(vector.o)
                0x08001010                reset_handler
 .text.flash_set_ws
                0x080010b0       0x18 /home/bballant/code/stm32/f4/libopencm3stm32/lib/libopencm3_stm32f4.a(flash_common_all.o)
                0x080010b0                flash_set_ws
 .text.flash_dcache_enable
                0x080010c8       0x14 /home/bballant/code/stm32/f4/libopencm3stm32/lib/libopencm3_stm32f4.a(flash_common_idcache.o)
                0x080010c8                flash_dcache_enable
 .text.flash_dcache_disable
                0x080010dc       0x14 /home/bballant/code/stm32/f4/libopencm3stm32/lib/libopencm3_stm32f4.a(flash_common_idcache.o)
                0x080010dc                flash_dcache_disable
 .text.flash_icache_enable
                0x080010f0       0x14 /home/bballant/code/stm32/f4/libopencm3stm32/lib/libopencm3_stm32f4.a(flash_common_idcache.o)
                0x080010f0                flash_icache_enable
 .text.flash_icache_disable
                0x08001104       0x14 /home/bballant/code/stm32/f4/libopencm3stm32/lib/libopencm3_stm32f4.a(flash_common_idcache.o)
                0x08001104                flash_icache_disable
 .text.pwr_set_vos_scale
                0x08001118       0x18 /home/bballant/code/stm32/f4/libopencm3stm32/lib/libopencm3_stm32f4.a(pwr.o)
                0x08001118                pwr_set_vos_scale
                0x08001130                        . = ALIGN (0x4)
 *(.rodata*)
 .rodata.main.str1.1
                0x08001130        0x6 uart.o
 *fill*         0x08001136        0x2 
 .rodata        0x08001138       0x1c uart.o
 .rodata.vTaskStartScheduler.str1.1
                0x08001154        0x5 rtos/tasks.o
                0x0800115c                        . = ALIGN (0x4)
 *fill*         0x08001159        0x3 

.glue_7         0x0800115c        0x0
 .glue_7        0x0800115c        0x0 linker stubs

.glue_7t        0x0800115c        0x0
 .glue_7t       0x0800115c        0x0 linker stubs

.vfp11_veneer   0x0800115c        0x0
 .vfp11_veneer  0x0800115c        0x0 linker stubs

.v4_bx          0x0800115c        0x0
 .v4_bx         0x0800115c        0x0 linker stubs

.iplt           0x0800115c        0x0
 .iplt          0x0800115c        0x0 uart.o

.rel.dyn        0x0800115c        0x0
 .rel.iplt      0x0800115c        0x0 uart.o

.preinit_array  0x0800115c        0x0
                0x0800115c                        . = ALIGN (0x4)
                0x0800115c                        __preinit_array_start = .
 *(.preinit_array)
                0x0800115c                        __preinit_array_end = .

.init_array     0x0800115c        0x0
                0x0800115c                        . = ALIGN (0x4)
                0x0800115c                        __init_array_start = .
 *(SORT_BY_NAME(.init_array.*))
 *(.init_array)
                0x0800115c                        __init_array_end = .

.fini_array     0x0800115c        0x0
                0x0800115c                        . = ALIGN (0x4)
                0x0800115c                        __fini_array_start = .
 *(.fini_array)
 *(SORT_BY_NAME(.fini_array.*))
                0x0800115c                        __fini_array_end = .

.ARM.extab
 *(.ARM.extab*)

.ARM.exidx      0x0800115c        0x0
                0x0800115c                        __exidx_start = .
 *(.ARM.exidx*)
                0x0800115c                        __exidx_end = .
                0x0800115c                        . = ALIGN (0x4)
                0x0800115c                        _etext = .

.data           0x20000000       0x10 load address 0x0800115c
                0x20000000                        _data = .
 *(.data*)
 .data.uxCriticalNesting
                0x20000000        0x4 rtos/port.o
 .data.rcc_apb2_frequency
                0x20000004        0x4 /home/bballant/code/stm32/f4/libopencm3stm32/lib/libopencm3_stm32f4.a(rcc.o)
                0x20000004                rcc_apb2_frequency
 .data.rcc_apb1_frequency
                0x20000008        0x4 /home/bballant/code/stm32/f4/libopencm3stm32/lib/libopencm3_stm32f4.a(rcc.o)
                0x20000008                rcc_apb1_frequency
 .data.rcc_ahb_frequency
                0x2000000c        0x4 /home/bballant/code/stm32/f4/libopencm3stm32/lib/libopencm3_stm32f4.a(rcc.o)
                0x2000000c                rcc_ahb_frequency
                0x20000010                        . = ALIGN (0x4)
                0x20000010                        _edata = .
                0x0800115c                        _data_loadaddr = LOADADDR (.data)

.igot.plt       0x20000010        0x0 load address 0x0800116c
 .igot.plt      0x20000010        0x0 uart.o

.bss            0x20000010     0x44f0 load address 0x0800116c
 *(.bss*)
 .bss.xBlockAllocatedBit
                0x20000010        0x4 rtos/heap_4.o
 .bss.xMinimumEverFreeBytesRemaining
                0x20000014        0x4 rtos/heap_4.o
 .bss.xFreeBytesRemaining
                0x20000018        0x4 rtos/heap_4.o
 .bss.pxEnd     0x2000001c        0x4 rtos/heap_4.o
 .bss.xStart    0x20000020        0x8 rtos/heap_4.o
 .bss.ucHeap    0x20000028     0x4400 rtos/heap_4.o
 .bss.uxSchedulerSuspended
                0x20004428        0x4 rtos/tasks.o
 .bss.xIdleTaskHandle
                0x2000442c        0x4 rtos/tasks.o
 .bss.xNextTaskUnblockTime
                0x20004430        0x4 rtos/tasks.o
 .bss.uxTaskNumber
                0x20004434        0x4 rtos/tasks.o
 .bss.xNumOfOverflows
                0x20004438        0x4 rtos/tasks.o
 .bss.xYieldPending
                0x2000443c        0x4 rtos/tasks.o
 .bss.uxPendedTicks
                0x20004440        0x4 rtos/tasks.o
 .bss.xSchedulerRunning
                0x20004444        0x4 rtos/tasks.o
 .bss.uxTopReadyPriority
                0x20004448        0x4 rtos/tasks.o
 .bss.xTickCount
                0x2000444c        0x4 rtos/tasks.o
 .bss.uxCurrentNumberOfTasks
                0x20004450        0x4 rtos/tasks.o
 .bss.xPendingReadyList
                0x20004454       0x14 rtos/tasks.o
 .bss.pxOverflowDelayedTaskList
                0x20004468        0x4 rtos/tasks.o
 .bss.pxDelayedTaskList
                0x2000446c        0x4 rtos/tasks.o
 .bss.xDelayedTaskList2
                0x20004470       0x14 rtos/tasks.o
 .bss.xDelayedTaskList1
                0x20004484       0x14 rtos/tasks.o
 .bss.pxReadyTasksLists
                0x20004498       0x64 rtos/tasks.o
 .bss.pxCurrentTCB
                0x200044fc        0x4 rtos/tasks.o
                0x200044fc                pxCurrentTCB
 *(COMMON)
                0x20004500                        . = ALIGN (0x4)
                0x20004500                        _ebss = .

/DISCARD/
 *(.eh_frame)
                0x20004500                        . = ALIGN (0x4)
                0x20004500                        end = .
                0x20020000                        PROVIDE (_stack = (ORIGIN (ram) + LENGTH (ram)))
OUTPUT(uart.elf elf32-littlearm)
LOAD linker stubs

.debug_info     0x00000000     0x5829
 .debug_info    0x00000000      0xb51 uart.o
 .debug_info    0x00000b51      0x3f9 rtos/heap_4.o
 .debug_info    0x00000f4a      0x2ae rtos/list.o
 .debug_info    0x000011f8      0x316 rtos/port.o
 .debug_info    0x0000150e     0x1868 rtos/tasks.o
 .debug_info    0x00002d76       0xde rtos/opencm3.o
 .debug_info    0x00002e54      0x256 /home/bballant/code/stm32/f4/libopencm3stm32/lib/libopencm3_stm32f4.a(gpio_common_all.o)
 .debug_info    0x000030aa      0x21b /home/bballant/code/stm32/f4/libopencm3stm32/lib/libopencm3_stm32f4.a(gpio_common_f0234.o)
 .debug_info    0x000032c5      0x932 /home/bballant/code/stm32/f4/libopencm3stm32/lib/libopencm3_stm32f4.a(rcc_common_all.o)
 .debug_info    0x00003bf7      0xf9b /home/bballant/code/stm32/f4/libopencm3stm32/lib/libopencm3_stm32f4.a(rcc.o)
 .debug_info    0x00004b92      0x569 /home/bballant/code/stm32/f4/libopencm3stm32/lib/libopencm3_stm32f4.a(usart_common_all.o)
 .debug_info    0x000050fb      0x192 /home/bballant/code/stm32/f4/libopencm3stm32/lib/libopencm3_stm32f4.a(usart_common_f124.o)
 .debug_info    0x0000528d      0x2d9 /home/bballant/code/stm32/f4/libopencm3stm32/lib/libopencm3_stm32f4.a(vector.o)
 .debug_info    0x00005566       0xf1 /home/bballant/code/stm32/f4/libopencm3stm32/lib/libopencm3_stm32f4.a(flash_common_all.o)
 .debug_info    0x00005657       0xe9 /home/bballant/code/stm32/f4/libopencm3stm32/lib/libopencm3_stm32f4.a(flash_common_idcache.o)
 .debug_info    0x00005740       0xe9 /home/bballant/code/stm32/f4/libopencm3stm32/lib/libopencm3_stm32f4.a(pwr.o)

.debug_abbrev   0x00000000     0x176d
 .debug_abbrev  0x00000000      0x21b uart.o
 .debug_abbrev  0x0000021b      0x243 rtos/heap_4.o
 .debug_abbrev  0x0000045e      0x103 rtos/list.o
 .debug_abbrev  0x00000561      0x220 rtos/port.o
 .debug_abbrev  0x00000781      0x436 rtos/tasks.o
 .debug_abbrev  0x00000bb7       0x81 rtos/opencm3.o
 .debug_abbrev  0x00000c38      0x115 /home/bballant/code/stm32/f4/libopencm3stm32/lib/libopencm3_stm32f4.a(gpio_common_all.o)
 .debug_abbrev  0x00000d4d       0xc2 /home/bballant/code/stm32/f4/libopencm3stm32/lib/libopencm3_stm32f4.a(gpio_common_f0234.o)
 .debug_abbrev  0x00000e0f      0x185 /home/bballant/code/stm32/f4/libopencm3stm32/lib/libopencm3_stm32f4.a(rcc_common_all.o)
 .debug_abbrev  0x00000f94      0x2da /home/bballant/code/stm32/f4/libopencm3stm32/lib/libopencm3_stm32f4.a(rcc.o)
 .debug_abbrev  0x0000126e      0x164 /home/bballant/code/stm32/f4/libopencm3stm32/lib/libopencm3_stm32f4.a(usart_common_all.o)
 .debug_abbrev  0x000013d2       0xb6 /home/bballant/code/stm32/f4/libopencm3stm32/lib/libopencm3_stm32f4.a(usart_common_f124.o)
 .debug_abbrev  0x00001488      0x15f /home/bballant/code/stm32/f4/libopencm3stm32/lib/libopencm3_stm32f4.a(vector.o)
 .debug_abbrev  0x000015e7       0x96 /home/bballant/code/stm32/f4/libopencm3stm32/lib/libopencm3_stm32f4.a(flash_common_all.o)
 .debug_abbrev  0x0000167d       0x56 /home/bballant/code/stm32/f4/libopencm3stm32/lib/libopencm3_stm32f4.a(flash_common_idcache.o)
 .debug_abbrev  0x000016d3       0x9a /home/bballant/code/stm32/f4/libopencm3stm32/lib/libopencm3_stm32f4.a(pwr.o)

.debug_loclists
                0x00000000     0x16df
 .debug_loclists
                0x00000000       0x80 uart.o
 .debug_loclists
                0x00000080      0x288 rtos/heap_4.o
 .debug_loclists
                0x00000308       0x71 rtos/list.o
 .debug_loclists
                0x00000379       0x7c rtos/port.o
 .debug_loclists
                0x000003f5      0xa7c rtos/tasks.o
 .debug_loclists
                0x00000e71       0x7e /home/bballant/code/stm32/f4/libopencm3stm32/lib/libopencm3_stm32f4.a(gpio_common_all.o)
 .debug_loclists
                0x00000eef       0xcf /home/bballant/code/stm32/f4/libopencm3stm32/lib/libopencm3_stm32f4.a(gpio_common_f0234.o)
 .debug_loclists
                0x00000fbe       0x68 /home/bballant/code/stm32/f4/libopencm3stm32/lib/libopencm3_stm32f4.a(rcc_common_all.o)
 .debug_loclists
                0x00001026      0x466 /home/bballant/code/stm32/f4/libopencm3stm32/lib/libopencm3_stm32f4.a(rcc.o)
 .debug_loclists
                0x0000148c       0xe8 /home/bballant/code/stm32/f4/libopencm3stm32/lib/libopencm3_stm32f4.a(usart_common_all.o)
 .debug_loclists
                0x00001574       0x67 /home/bballant/code/stm32/f4/libopencm3stm32/lib/libopencm3_stm32f4.a(usart_common_f124.o)
 .debug_loclists
                0x000015db       0xb6 /home/bballant/code/stm32/f4/libopencm3stm32/lib/libopencm3_stm32f4.a(vector.o)
 .debug_loclists
                0x00001691       0x17 /home/bballant/code/stm32/f4/libopencm3stm32/lib/libopencm3_stm32f4.a(flash_common_all.o)
 .debug_loclists
                0x000016a8       0x37 /home/bballant/code/stm32/f4/libopencm3stm32/lib/libopencm3_stm32f4.a(pwr.o)

.debug_aranges  0x00000000      0x668
 .debug_aranges
                0x00000000       0x28 uart.o
 .debug_aranges
                0x00000028       0x48 rtos/heap_4.o
 .debug_aranges
                0x00000070       0x40 rtos/list.o
 .debug_aranges
                0x000000b0       0x70 rtos/port.o
 .debug_aranges
                0x00000120      0x120 rtos/tasks.o
 .debug_aranges
                0x00000240       0x30 rtos/opencm3.o
 .debug_aranges
                0x00000270       0x50 /home/bballant/code/stm32/f4/libopencm3stm32/lib/libopencm3_stm32f4.a(gpio_common_all.o)
 .debug_aranges
                0x000002c0       0x30 /home/bballant/code/stm32/f4/libopencm3stm32/lib/libopencm3_stm32f4.a(gpio_common_f0234.o)
 .debug_aranges
                0x000002f0       0x80 /home/bballant/code/stm32/f4/libopencm3stm32/lib/libopencm3_stm32f4.a(rcc_common_all.o)
 .debug_aranges
                0x00000370      0x110 /home/bballant/code/stm32/f4/libopencm3stm32/lib/libopencm3_stm32f4.a(rcc.o)
 .debug_aranges
                0x00000480       0xd8 /home/bballant/code/stm32/f4/libopencm3stm32/lib/libopencm3_stm32f4.a(usart_common_all.o)
 .debug_aranges
                0x00000558       0x40 /home/bballant/code/stm32/f4/libopencm3stm32/lib/libopencm3_stm32f4.a(usart_common_f124.o)
 .debug_aranges
                0x00000598       0x30 /home/bballant/code/stm32/f4/libopencm3stm32/lib/libopencm3_stm32f4.a(vector.o)
 .debug_aranges
                0x000005c8       0x38 /home/bballant/code/stm32/f4/libopencm3stm32/lib/libopencm3_stm32f4.a(flash_common_all.o)
 .debug_aranges
                0x00000600       0x48 /home/bballant/code/stm32/f4/libopencm3stm32/lib/libopencm3_stm32f4.a(flash_common_idcache.o)
 .debug_aranges
                0x00000648       0x20 /home/bballant/code/stm32/f4/libopencm3stm32/lib/libopencm3_stm32f4.a(pwr.o)

.debug_rnglists
                0x00000000      0x54a
 .debug_rnglists
                0x00000000       0x32 uart.o
 .debug_rnglists
                0x00000032       0x32 rtos/heap_4.o
 .debug_rnglists
                0x00000064       0x2b rtos/list.o
 .debug_rnglists
                0x0000008f       0x5b rtos/port.o
 .debug_rnglists
                0x000000ea      0x15f rtos/tasks.o
 .debug_rnglists
                0x00000249       0x1f rtos/opencm3.o
 .debug_rnglists
                0x00000268       0x37 /home/bballant/code/stm32/f4/libopencm3stm32/lib/libopencm3_stm32f4.a(gpio_common_all.o)
 .debug_rnglists
                0x0000029f       0x1f /home/bballant/code/stm32/f4/libopencm3stm32/lib/libopencm3_stm32f4.a(gpio_common_f0234.o)
 .debug_rnglists
                0x000002be       0x5b /home/bballant/code/stm32/f4/libopencm3stm32/lib/libopencm3_stm32f4.a(rcc_common_all.o)
 .debug_rnglists
                0x00000319       0xe0 /home/bballant/code/stm32/f4/libopencm3stm32/lib/libopencm3_stm32f4.a(rcc.o)
 .debug_rnglists
                0x000003f9       0x9d /home/bballant/code/stm32/f4/libopencm3stm32/lib/libopencm3_stm32f4.a(usart_common_all.o)
 .debug_rnglists
                0x00000496       0x2b /home/bballant/code/stm32/f4/libopencm3stm32/lib/libopencm3_stm32f4.a(usart_common_f124.o)
 .debug_rnglists
                0x000004c1       0x20 /home/bballant/code/stm32/f4/libopencm3stm32/lib/libopencm3_stm32f4.a(vector.o)
 .debug_rnglists
                0x000004e1       0x25 /home/bballant/code/stm32/f4/libopencm3stm32/lib/libopencm3_stm32f4.a(flash_common_all.o)
 .debug_rnglists
                0x00000506       0x31 /home/bballant/code/stm32/f4/libopencm3stm32/lib/libopencm3_stm32f4.a(flash_common_idcache.o)
 .debug_rnglists
                0x00000537       0x13 /home/bballant/code/stm32/f4/libopencm3stm32/lib/libopencm3_stm32f4.a(pwr.o)

.debug_line     0x00000000     0x57a2
 .debug_line    0x00000000      0x31b uart.o
 .debug_line    0x0000031b      0x513 rtos/heap_4.o
 .debug_line    0x0000082e      0x2d9 rtos/list.o
 .debug_line    0x00000b07      0x368 rtos/port.o
 .debug_line    0x00000e6f     0x1226 rtos/tasks.o
 .debug_line    0x00002095       0x6b rtos/opencm3.o
 .debug_line    0x00002100      0x488 /home/bballant/code/stm32/f4/libopencm3stm32/lib/libopencm3_stm32f4.a(gpio_common_all.o)
 .debug_line    0x00002588      0x558 /home/bballant/code/stm32/f4/libopencm3stm32/lib/libopencm3_stm32f4.a(gpio_common_f0234.o)
 .debug_line    0x00002ae0      0x526 /home/bballant/code/stm32/f4/libopencm3stm32/lib/libopencm3_stm32f4.a(rcc_common_all.o)
 .debug_line    0x00003006      0xb5e /home/bballant/code/stm32/f4/libopencm3stm32/lib/libopencm3_stm32f4.a(rcc.o)
 .debug_line    0x00003b64      0x70e /home/bballant/code/stm32/f4/libopencm3stm32/lib/libopencm3_stm32f4.a(usart_common_all.o)
 .debug_line    0x00004272      0x47f /home/bballant/code/stm32/f4/libopencm3stm32/lib/libopencm3_stm32f4.a(usart_common_f124.o)
 .debug_line    0x000046f1      0x4da /home/bballant/code/stm32/f4/libopencm3stm32/lib/libopencm3_stm32f4.a(vector.o)
 .debug_line    0x00004bcb      0x428 /home/bballant/code/stm32/f4/libopencm3stm32/lib/libopencm3_stm32f4.a(flash_common_all.o)
 .debug_line    0x00004ff3      0x441 /home/bballant/code/stm32/f4/libopencm3stm32/lib/libopencm3_stm32f4.a(flash_common_idcache.o)
 .debug_line    0x00005434      0x36e /home/bballant/code/stm32/f4/libopencm3stm32/lib/libopencm3_stm32f4.a(pwr.o)

.debug_str      0x00000000    0x10b27
 .debug_str     0x00000000      0x8ac uart.o
                                0x9b3 (size before relaxing)
 .debug_str     0x000008ac      0x1f2 rtos/heap_4.o
                                0x359 (size before relaxing)
 .debug_str     0x00000a9e      0x11e rtos/list.o
                                0x2a9 (size before relaxing)
 .debug_str     0x00000bbc      0x174 rtos/port.o
                                0x303 (size before relaxing)
 .debug_str     0x00000d30      0x7f0 rtos/tasks.o
                                0xbf6 (size before relaxing)
 .debug_str     0x00001520       0x40 rtos/opencm3.o
                                0x1c1 (size before relaxing)
 .debug_str     0x00001560     0x6580 /home/bballant/code/stm32/f4/libopencm3stm32/lib/libopencm3_stm32f4.a(gpio_common_all.o)
                               0x6719 (size before relaxing)
 .debug_str     0x00007ae0       0x79 /home/bballant/code/stm32/f4/libopencm3stm32/lib/libopencm3_stm32f4.a(gpio_common_f0234.o)
                               0x673b (size before relaxing)
 .debug_str     0x00007b59     0x41be /home/bballant/code/stm32/f4/libopencm3stm32/lib/libopencm3_stm32f4.a(rcc_common_all.o)
                               0x9ad8 (size before relaxing)
 .debug_str     0x0000bd17      0xbd4 /home/bballant/code/stm32/f4/libopencm3stm32/lib/libopencm3_stm32f4.a(rcc.o)
                               0xa34d (size before relaxing)
 .debug_str     0x0000c8eb     0x1457 /home/bballant/code/stm32/f4/libopencm3stm32/lib/libopencm3_stm32f4.a(usart_common_all.o)
                               0xa572 (size before relaxing)
 .debug_str     0x0000dd42       0x2d /home/bballant/code/stm32/f4/libopencm3stm32/lib/libopencm3_stm32f4.a(usart_common_f124.o)
                               0xa306 (size before relaxing)
 .debug_str     0x0000dd6f     0x2d07 /home/bballant/code/stm32/f4/libopencm3stm32/lib/libopencm3_stm32f4.a(vector.o)
                               0x6fce (size before relaxing)
 .debug_str     0x00010a76       0x64 /home/bballant/code/stm32/f4/libopencm3stm32/lib/libopencm3_stm32f4.a(flash_common_all.o)
                               0x5a70 (size before relaxing)
 .debug_str     0x00010ada       0x47 /home/bballant/code/stm32/f4/libopencm3stm32/lib/libopencm3_stm32f4.a(flash_common_idcache.o)
                               0x5a92 (size before relaxing)
 .debug_str     0x00010b21        0x6 /home/bballant/code/stm32/f4/libopencm3stm32/lib/libopencm3_stm32f4.a(pwr.o)
                               0x56ec (size before relaxing)

.comment        0x00000000       0x4c
 .comment       0x00000000       0x4c uart.o
                                 0x4d (size before relaxing)
 .comment       0x0000004c       0x4d rtos/heap_4.o
 .comment       0x0000004c       0x4d rtos/list.o
 .comment       0x0000004c       0x4d rtos/port.o
 .comment       0x0000004c       0x4d rtos/tasks.o
 .comment       0x0000004c       0x4d rtos/opencm3.o
 .comment       0x0000004c       0x4d /home/bballant/code/stm32/f4/libopencm3stm32/lib/libopencm3_stm32f4.a(gpio_common_all.o)
 .comment       0x0000004c       0x4d /home/bballant/code/stm32/f4/libopencm3stm32/lib/libopencm3_stm32f4.a(gpio_common_f0234.o)
 .comment       0x0000004c       0x4d /home/bballant/code/stm32/f4/libopencm3stm32/lib/libopencm3_stm32f4.a(rcc_common_all.o)
 .comment       0x0000004c       0x4d /home/bballant/code/stm32/f4/libopencm3stm32/lib/libopencm3_stm32f4.a(rcc.o)
 .comment       0x0000004c       0x4d /home/bballant/code/stm32/f4/libopencm3stm32/lib/libopencm3_stm32f4.a(usart_common_all.o)
 .comment       0x0000004c       0x4d /home/bballant/code/stm32/f4/libopencm3stm32/lib/libopencm3_stm32f4.a(usart_common_f124.o)
 .comment       0x0000004c       0x4d /home/bballant/code/stm32/f4/libopencm3stm32/lib/libopencm3_stm32f4.a(vector.o)
 .comment       0x0000004c       0x4d /home/bballant/code/stm32/f4/libopencm3stm32/lib/libopencm3_stm32f4.a(flash_common_all.o)
 .comment       0x0000004c       0x4d /home/bballant/code/stm32/f4/libopencm3stm32/lib/libopencm3_stm32f4.a(flash_common_idcache.o)
 .comment       0x0000004c       0x4d /home/bballant/code/stm32/f4/libopencm3stm32/lib/libopencm3_stm32f4.a(pwr.o)

.ARM.attributes
                0x00000000       0x32
 .ARM.attributes
                0x00000000       0x34 uart.o
 .ARM.attributes
                0x00000034       0x34 rtos/heap_4.o
 .ARM.attributes
                0x00000068       0x34 rtos/list.o
 .ARM.attributes
                0x0000009c       0x34 rtos/port.o
 .ARM.attributes
                0x000000d0       0x34 rtos/tasks.o
 .ARM.attributes
                0x00000104       0x34 rtos/opencm3.o
 .ARM.attributes
                0x00000138       0x34 /home/bballant/code/stm32/f4/libopencm3stm32/lib/libopencm3_stm32f4.a(gpio_common_all.o)
 .ARM.attributes
                0x0000016c       0x34 /home/bballant/code/stm32/f4/libopencm3stm32/lib/libopencm3_stm32f4.a(gpio_common_f0234.o)
 .ARM.attributes
                0x000001a0       0x34 /home/bballant/code/stm32/f4/libopencm3stm32/lib/libopencm3_stm32f4.a(rcc_common_all.o)
 .ARM.attributes
                0x000001d4       0x34 /home/bballant/code/stm32/f4/libopencm3stm32/lib/libopencm3_stm32f4.a(rcc.o)
 .ARM.attributes
                0x00000208       0x34 /home/bballant/code/stm32/f4/libopencm3stm32/lib/libopencm3_stm32f4.a(usart_common_all.o)
 .ARM.attributes
                0x0000023c       0x34 /home/bballant/code/stm32/f4/libopencm3stm32/lib/libopencm3_stm32f4.a(usart_common_f124.o)
 .ARM.attributes
                0x00000270       0x34 /home/bballant/code/stm32/f4/libopencm3stm32/lib/libopencm3_stm32f4.a(vector.o)
 .ARM.attributes
                0x000002a4       0x34 /home/bballant/code/stm32/f4/libopencm3stm32/lib/libopencm3_stm32f4.a(flash_common_all.o)
 .ARM.attributes
                0x000002d8       0x34 /home/bballant/code/stm32/f4/libopencm3stm32/lib/libopencm3_stm32f4.a(flash_common_idcache.o)
 .ARM.attributes
                0x0000030c       0x34 /home/bballant/code/stm32/f4/libopencm3stm32/lib/libopencm3_stm32f4.a(pwr.o)

.debug_frame    0x00000000      0xd0c
 .debug_frame   0x00000000       0x44 uart.o
 .debug_frame   0x00000044       0x9c rtos/heap_4.o
 .debug_frame   0x000000e0       0x6c rtos/list.o
 .debug_frame   0x0000014c       0xd0 rtos/port.o
 .debug_frame   0x0000021c      0x368 rtos/tasks.o
 .debug_frame   0x00000584       0x40 rtos/opencm3.o
 .debug_frame   0x000005c4       0x80 /home/bballant/code/stm32/f4/libopencm3stm32/lib/libopencm3_stm32f4.a(gpio_common_all.o)
 .debug_frame   0x00000644       0x70 /home/bballant/code/stm32/f4/libopencm3stm32/lib/libopencm3_stm32f4.a(gpio_common_f0234.o)
 .debug_frame   0x000006b4       0xe0 /home/bballant/code/stm32/f4/libopencm3stm32/lib/libopencm3_stm32f4.a(rcc_common_all.o)
 .debug_frame   0x00000794      0x234 /home/bballant/code/stm32/f4/libopencm3stm32/lib/libopencm3_stm32f4.a(rcc.o)
 .debug_frame   0x000009c8      0x1b8 /home/bballant/code/stm32/f4/libopencm3stm32/lib/libopencm3_stm32f4.a(usart_common_all.o)
 .debug_frame   0x00000b80       0x60 /home/bballant/code/stm32/f4/libopencm3stm32/lib/libopencm3_stm32f4.a(usart_common_f124.o)
 .debug_frame   0x00000be0       0x4c /home/bballant/code/stm32/f4/libopencm3stm32/lib/libopencm3_stm32f4.a(vector.o)
 .debug_frame   0x00000c2c       0x50 /home/bballant/code/stm32/f4/libopencm3stm32/lib/libopencm3_stm32f4.a(flash_common_all.o)
 .debug_frame   0x00000c7c       0x70 /home/bballant/code/stm32/f4/libopencm3stm32/lib/libopencm3_stm32f4.a(flash_common_idcache.o)
 .debug_frame   0x00000cec       0x20 /home/bballant/code/stm32/f4/libopencm3stm32/lib/libopencm3_stm32f4.a(pwr.o)

.debug_macro    0x00000000     0x3ab5
 .debug_macro   0x00000000       0xd1 /home/bballant/code/stm32/f4/libopencm3stm32/lib/libopencm3_stm32f4.a(gpio_common_all.o)
 .debug_macro   0x000000d1      0xac0 /home/bballant/code/stm32/f4/libopencm3stm32/lib/libopencm3_stm32f4.a(gpio_common_all.o)
 .debug_macro   0x00000b91       0x1c /home/bballant/code/stm32/f4/libopencm3stm32/lib/libopencm3_stm32f4.a(gpio_common_all.o)
 .debug_macro   0x00000bad       0x22 /home/bballant/code/stm32/f4/libopencm3stm32/lib/libopencm3_stm32f4.a(gpio_common_all.o)
 .debug_macro   0x00000bcf       0x56 /home/bballant/code/stm32/f4/libopencm3stm32/lib/libopencm3_stm32f4.a(gpio_common_all.o)
 .debug_macro   0x00000c25       0x51 /home/bballant/code/stm32/f4/libopencm3stm32/lib/libopencm3_stm32f4.a(gpio_common_all.o)
 .debug_macro   0x00000c76      0x103 /home/bballant/code/stm32/f4/libopencm3stm32/lib/libopencm3_stm32f4.a(gpio_common_all.o)
 .debug_macro   0x00000d79       0x6a /home/bballant/code/stm32/f4/libopencm3stm32/lib/libopencm3_stm32f4.a(gpio_common_all.o)
 .debug_macro   0x00000de3      0x1df /home/bballant/code/stm32/f4/libopencm3stm32/lib/libopencm3_stm32f4.a(gpio_common_all.o)
 .debug_macro   0x00000fc2       0x22 /home/bballant/code/stm32/f4/libopencm3stm32/lib/libopencm3_stm32f4.a(gpio_common_all.o)
 .debug_macro   0x00000fe4       0xe8 /home/bballant/code/stm32/f4/libopencm3stm32/lib/libopencm3_stm32f4.a(gpio_common_all.o)
 .debug_macro   0x000010cc       0x76 /home/bballant/code/stm32/f4/libopencm3stm32/lib/libopencm3_stm32f4.a(gpio_common_all.o)
 .debug_macro   0x00001142      0x280 /home/bballant/code/stm32/f4/libopencm3stm32/lib/libopencm3_stm32f4.a(gpio_common_all.o)
 .debug_macro   0x000013c2       0x76 /home/bballant/code/stm32/f4/libopencm3stm32/lib/libopencm3_stm32f4.a(gpio_common_all.o)
 .debug_macro   0x00001438      0x37e /home/bballant/code/stm32/f4/libopencm3stm32/lib/libopencm3_stm32f4.a(gpio_common_all.o)
 .debug_macro   0x000017b6       0xca /home/bballant/code/stm32/f4/libopencm3stm32/lib/libopencm3_stm32f4.a(gpio_common_all.o)
 .debug_macro   0x00001880       0xd1 /home/bballant/code/stm32/f4/libopencm3stm32/lib/libopencm3_stm32f4.a(gpio_common_f0234.o)
 .debug_macro   0x00001951       0xf0 /home/bballant/code/stm32/f4/libopencm3stm32/lib/libopencm3_stm32f4.a(rcc_common_all.o)
 .debug_macro   0x00001a41       0x8e /home/bballant/code/stm32/f4/libopencm3stm32/lib/libopencm3_stm32f4.a(rcc_common_all.o)
 .debug_macro   0x00001acf       0x46 /home/bballant/code/stm32/f4/libopencm3stm32/lib/libopencm3_stm32f4.a(rcc_common_all.o)
 .debug_macro   0x00001b15      0xcea /home/bballant/code/stm32/f4/libopencm3stm32/lib/libopencm3_stm32f4.a(rcc_common_all.o)
 .debug_macro   0x000027ff      0x124 /home/bballant/code/stm32/f4/libopencm3stm32/lib/libopencm3_stm32f4.a(rcc.o)
 .debug_macro   0x00002923       0x16 /home/bballant/code/stm32/f4/libopencm3stm32/lib/libopencm3_stm32f4.a(rcc.o)
 .debug_macro   0x00002939       0x1c /home/bballant/code/stm32/f4/libopencm3stm32/lib/libopencm3_stm32f4.a(rcc.o)
 .debug_macro   0x00002955      0x143 /home/bballant/code/stm32/f4/libopencm3stm32/lib/libopencm3_stm32f4.a(rcc.o)
 .debug_macro   0x00002a98       0x10 /home/bballant/code/stm32/f4/libopencm3stm32/lib/libopencm3_stm32f4.a(rcc.o)
 .debug_macro   0x00002aa8      0x10b /home/bballant/code/stm32/f4/libopencm3stm32/lib/libopencm3_stm32f4.a(usart_common_all.o)
 .debug_macro   0x00002bb3       0x94 /home/bballant/code/stm32/f4/libopencm3stm32/lib/libopencm3_stm32f4.a(usart_common_all.o)
 .debug_macro   0x00002c47      0x29e /home/bballant/code/stm32/f4/libopencm3stm32/lib/libopencm3_stm32f4.a(usart_common_all.o)
 .debug_macro   0x00002ee5       0xa0 /home/bballant/code/stm32/f4/libopencm3stm32/lib/libopencm3_stm32f4.a(usart_common_all.o)
 .debug_macro   0x00002f85      0x10b /home/bballant/code/stm32/f4/libopencm3stm32/lib/libopencm3_stm32f4.a(usart_common_f124.o)
 .debug_macro   0x00003090       0xd3 /home/bballant/code/stm32/f4/libopencm3stm32/lib/libopencm3_stm32f4.a(vector.o)
 .debug_macro   0x00003163      0x452 /home/bballant/code/stm32/f4/libopencm3stm32/lib/libopencm3_stm32f4.a(vector.o)
 .debug_macro   0x000035b5       0x6e /home/bballant/code/stm32/f4/libopencm3stm32/lib/libopencm3_stm32f4.a(vector.o)
 .debug_macro   0x00003623      0x22c /home/bballant/code/stm32/f4/libopencm3stm32/lib/libopencm3_stm32f4.a(vector.o)
 .debug_macro   0x0000384f       0xd7 /home/bballant/code/stm32/f4/libopencm3stm32/lib/libopencm3_stm32f4.a(flash_common_all.o)
 .debug_macro   0x00003926       0xd7 /home/bballant/code/stm32/f4/libopencm3stm32/lib/libopencm3_stm32f4.a(flash_common_idcache.o)
 .debug_macro   0x000039fd       0xb8 /home/bballant/code/stm32/f4/libopencm3stm32/lib/libopencm3_stm32f4.a(pwr.o)
