Archive member included to satisfy reference by file (symbol)

/home/bballant/.local/arm-gnu-toolchain-12.2.mpacbti-bet1-x86_64-arm-none-eabi/bin/../lib/gcc/arm-none-eabi/12.2.0/../../../../arm-none-eabi/lib/thumb/v7e-m+fp/hard/libc.a(libc_a-memcpy.o)
                              rtos/queue.o (memcpy)
/home/bballant/code/stm32/f4/libopencm3stm32/lib/libopencm3_stm32f4.a(gpio_common_all.o)
                              bunu.o (gpio_toggle)
/home/bballant/code/stm32/f4/libopencm3stm32/lib/libopencm3_stm32f4.a(gpio_common_f0234.o)
                              bunu.o (gpio_mode_setup)
/home/bballant/code/stm32/f4/libopencm3stm32/lib/libopencm3_stm32f4.a(rcc_common_all.o)
                              bunu.o (rcc_periph_clock_enable)
/home/bballant/code/stm32/f4/libopencm3stm32/lib/libopencm3_stm32f4.a(rcc.o)
                              bunu.o (rcc_clock_setup_pll)
/home/bballant/code/stm32/f4/libopencm3stm32/lib/libopencm3_stm32f4.a(usart_common_all.o)
                              bunu.o (usart_set_baudrate)
/home/bballant/code/stm32/f4/libopencm3stm32/lib/libopencm3_stm32f4.a(usart_common_f124.o)
                              /home/bballant/code/stm32/f4/libopencm3stm32/lib/libopencm3_stm32f4.a(usart_common_all.o) (usart_send)
/home/bballant/code/stm32/f4/libopencm3stm32/lib/libopencm3_stm32f4.a(vector.o)
                              (reset_handler)
/home/bballant/code/stm32/f4/libopencm3stm32/lib/libopencm3_stm32f4.a(flash_common_all.o)
                              /home/bballant/code/stm32/f4/libopencm3stm32/lib/libopencm3_stm32f4.a(rcc.o) (flash_set_ws)
/home/bballant/code/stm32/f4/libopencm3stm32/lib/libopencm3_stm32f4.a(flash_common_idcache.o)
                              /home/bballant/code/stm32/f4/libopencm3stm32/lib/libopencm3_stm32f4.a(rcc.o) (flash_dcache_enable)
/home/bballant/code/stm32/f4/libopencm3stm32/lib/libopencm3_stm32f4.a(pwr.o)
                              /home/bballant/code/stm32/f4/libopencm3stm32/lib/libopencm3_stm32f4.a(rcc.o) (pwr_set_vos_scale)

Discarded input sections

 .text          0x00000000        0x0 bunu.o
 .data          0x00000000        0x0 bunu.o
 .bss           0x00000000        0x0 bunu.o
 .text          0x00000000        0x0 rtos/heap_4.o
 .data          0x00000000        0x0 rtos/heap_4.o
 .bss           0x00000000        0x0 rtos/heap_4.o
 .text.xPortGetFreeHeapSize
                0x00000000        0xc rtos/heap_4.o
 .text.xPortGetMinimumEverFreeHeapSize
                0x00000000        0xc rtos/heap_4.o
 .text.vPortInitialiseBlocks
                0x00000000        0x2 rtos/heap_4.o
 .text          0x00000000        0x0 rtos/list.o
 .data          0x00000000        0x0 rtos/list.o
 .bss           0x00000000        0x0 rtos/list.o
 .text          0x00000000        0x0 rtos/port.o
 .data          0x00000000        0x0 rtos/port.o
 .bss           0x00000000        0x0 rtos/port.o
 .text.vPortEndScheduler
                0x00000000        0x2 rtos/port.o
 .text          0x00000000        0x0 rtos/queue.o
 .data          0x00000000        0x0 rtos/queue.o
 .bss           0x00000000        0x0 rtos/queue.o
 .text.prvCopyDataToQueue
                0x00000000       0x66 rtos/queue.o
 .text.prvCopyDataFromQueue
                0x00000000       0x2c rtos/queue.o
 .text.prvUnlockQueue
                0x00000000       0x70 rtos/queue.o
 .text.xQueueGenericReset
                0x00000000       0x6a rtos/queue.o
 .text.xQueueGenericCreate
                0x00000000       0x2e rtos/queue.o
 .text.xQueueGenericSend
                0x00000000      0x114 rtos/queue.o
 .text.xQueueCreateMutex
                0x00000000       0x24 rtos/queue.o
 .text.xQueueGenericSendFromISR
                0x00000000       0x62 rtos/queue.o
 .text.xQueueGiveFromISR
                0x00000000       0x56 rtos/queue.o
 .text.xQueueGenericReceive
                0x00000000      0x140 rtos/queue.o
 .text.xQueueReceiveFromISR
                0x00000000       0x64 rtos/queue.o
 .text.xQueuePeekFromISR
                0x00000000       0x30 rtos/queue.o
 .text.uxQueueMessagesWaiting
                0x00000000       0x12 rtos/queue.o
 .text.uxQueueSpacesAvailable
                0x00000000       0x16 rtos/queue.o
 .text.uxQueueMessagesWaitingFromISR
                0x00000000        0x4 rtos/queue.o
 .text.vQueueDelete
                0x00000000        0x4 rtos/queue.o
 .text.xQueueIsQueueEmptyFromISR
                0x00000000        0xa rtos/queue.o
 .text.xQueueIsQueueFullFromISR
                0x00000000        0xc rtos/queue.o
 .debug_info    0x00000000     0x147a rtos/queue.o
 .debug_abbrev  0x00000000      0x34d rtos/queue.o
 .debug_loclists
                0x00000000      0x911 rtos/queue.o
 .debug_aranges
                0x00000000       0xa8 rtos/queue.o
 .debug_rnglists
                0x00000000      0x13a rtos/queue.o
 .debug_line    0x00000000      0xdaa rtos/queue.o
 .debug_str     0x00000000      0x7d6 rtos/queue.o
 .comment       0x00000000       0x4d rtos/queue.o
[...]
Memory Configuration

Name             Origin             Length             Attributes
rom              0x08000000         0x00080000         xr
ram              0x20000000         0x00020000         xrw
*default*        0x00000000         0xffffffff

Linker script and memory map

LOAD bunu.o
LOAD rtos/heap_4.o
LOAD rtos/list.o
LOAD rtos/port.o
LOAD rtos/queue.o
LOAD rtos/tasks.o
LOAD rtos/opencm3.o
START GROUP
LOAD /home/bballant/.local/arm-gnu-toolchain-12.2.mpacbti-bet1-x86_64-arm-none-eabi/bin/../lib/gcc/arm-none-eabi/12.2.0/../../../../arm-none-eabi/lib/thumb/v7e-m+fp/hard/libc.a
LOAD /home/bballant/.local/arm-gnu-toolchain-12.2.mpacbti-bet1-x86_64-arm-none-eabi/bin/../lib/gcc/arm-none-eabi/12.2.0/thumb/v7e-m+fp/hard/libgcc.a
LOAD /home/bballant/.local/arm-gnu-toolchain-12.2.mpacbti-bet1-x86_64-arm-none-eabi/bin/../lib/gcc/arm-none-eabi/12.2.0/../../../../arm-none-eabi/lib/thumb/v7e-m+fp/hard/libnosys.a
END GROUP
LOAD /home/bballant/code/stm32/f4//libwwg/libwwg.a
LOAD /home/bballant/code/stm32/f4/libopencm3stm32/lib/libopencm3_stm32f4.a
START GROUP
LOAD /home/bballant/.local/arm-gnu-toolchain-12.2.mpacbti-bet1-x86_64-arm-none-eabi/bin/../lib/gcc/arm-none-eabi/12.2.0/thumb/v7e-m+fp/hard/libgcc.a
LOAD /home/bballant/.local/arm-gnu-toolchain-12.2.mpacbti-bet1-x86_64-arm-none-eabi/bin/../lib/gcc/arm-none-eabi/12.2.0/../../../../arm-none-eabi/lib/thumb/v7e-m+fp/hard/libc.a
END GROUP
START GROUP
LOAD /home/bballant/.local/arm-gnu-toolchain-12.2.mpacbti-bet1-x86_64-arm-none-eabi/bin/../lib/gcc/arm-none-eabi/12.2.0/thumb/v7e-m+fp/hard/libgcc.a
LOAD /home/bballant/.local/arm-gnu-toolchain-12.2.mpacbti-bet1-x86_64-arm-none-eabi/bin/../lib/gcc/arm-none-eabi/12.2.0/../../../../arm-none-eabi/lib/thumb/v7e-m+fp/hard/libc.a
LOAD /home/bballant/.local/arm-gnu-toolchain-12.2.mpacbti-bet1-x86_64-arm-none-eabi/bin/../lib/gcc/arm-none-eabi/12.2.0/../../../../arm-none-eabi/lib/thumb/v7e-m+fp/hard/libnosys.a
END GROUP

.text           0x08000000     0x1144
 *(.vectors)
 .vectors       0x08000000      0x1ac /home/bballant/code/stm32/f4/libopencm3stm32/lib/libopencm3_stm32f4.a(vector.o)
                0x08000000                vector_table
 *(.text*)
 .text.task1    0x080001ac       0x44 bunu.o
 .text.startup.main
                0x080001f0       0xdc bunu.o
                0x080001f0                main
 .text.prvInsertBlockIntoFreeList
                0x080002cc       0x50 rtos/heap_4.o
 .text.pvPortMalloc
                0x0800031c       0xf8 rtos/heap_4.o
                0x0800031c                pvPortMalloc
 .text.vPortFree
                0x08000414       0x4c rtos/heap_4.o
                0x08000414                vPortFree
 .text.vListInitialise
                0x08000460       0x16 rtos/list.o
                0x08000460                vListInitialise
 .text.vListInitialiseItem
                0x08000476        0x6 rtos/list.o
                0x08000476                vListInitialiseItem
 .text.vListInsertEnd
                0x0800047c       0x16 rtos/list.o
                0x0800047c                vListInsertEnd
 .text.vListInsert
                0x08000492       0x2e rtos/list.o
                0x08000492                vListInsert
 .text.uxListRemove
                0x080004c0       0x1e rtos/list.o
                0x080004c0                uxListRemove
 .text.prvTaskExitError
                0x080004de       0x12 rtos/port.o
 .text.prvPortStartFirstTask
                0x080004f0       0x20 rtos/port.o
 .text.pxPortInitialiseStack
                0x08000510       0x24 rtos/port.o
                0x08000510                pxPortInitialiseStack
 *fill*         0x08000534        0xc 
 .text.vPortSVCHandler
                0x08000540       0x24 rtos/port.o
                0x08000540                vPortSVCHandler
 .text.vPortEnterCritical
                0x08000564       0x20 rtos/port.o
                0x08000564                vPortEnterCritical
 .text.vPortExitCritical
                0x08000584       0x14 rtos/port.o
                0x08000584                vPortExitCritical
 *fill*         0x08000598        0x8 
 .text.xPortPendSVHandler
                0x080005a0       0x44 rtos/port.o
                0x080005a0                xPortPendSVHandler
 .text.xPortSysTickHandler
                0x080005e4       0x2c rtos/port.o
                0x080005e4                xPortSysTickHandler
 .text.vPortSetupTimerInterrupt
                0x08000610       0x10 rtos/port.o
                0x08000610                vPortSetupTimerInterrupt
 .text.xPortStartScheduler
                0x08000620       0x34 rtos/port.o
                0x08000620                xPortStartScheduler
 .text.prvIdleTask
                0x08000654       0x24 rtos/tasks.o
 .text.prvResetNextTaskUnblockTime
                0x08000678       0x24 rtos/tasks.o
 .text.prvAddCurrentTaskToDelayedList.constprop.0
                0x0800069c       0x70 rtos/tasks.o
 .text.xTaskCreate
                0x0800070c      0x190 rtos/tasks.o
                0x0800070c                xTaskCreate
 .text.vTaskStartScheduler
                0x0800089c       0x60 rtos/tasks.o
                0x0800089c                vTaskStartScheduler
 .text.vTaskSuspendAll
                0x080008fc       0x10 rtos/tasks.o
                0x080008fc                vTaskSuspendAll
 .text.xTaskIncrementTick
                0x0800090c      0x118 rtos/tasks.o
                0x0800090c                xTaskIncrementTick
 .text.xTaskResumeAll
                0x08000a24       0xd8 rtos/tasks.o
                0x08000a24                xTaskResumeAll
 .text.vTaskDelay
                0x08000afc       0x2c rtos/tasks.o
                0x08000afc                vTaskDelay
 .text.vTaskSwitchContext
                0x08000b28       0x5c rtos/tasks.o
                0x08000b28                vTaskSwitchContext
 .text.sv_call_handler
                0x08000b84        0x4 rtos/opencm3.o
                0x08000b84                sv_call_handler
 .text.pend_sv_handler
                0x08000b88        0x4 rtos/opencm3.o
                0x08000b88                pend_sv_handler
 .text.sys_tick_handler
                0x08000b8c        0x4 rtos/opencm3.o
                0x08000b8c                sys_tick_handler
 .text.gpio_toggle
                0x08000b90       0x12 /home/bballant/code/stm32/f4/libopencm3stm32/lib/libopencm3_stm32f4.a(gpio_common_all.o)
                0x08000b90                gpio_toggle
 .text.gpio_mode_setup
                0x08000ba2       0x40 /home/bballant/code/stm32/f4/libopencm3stm32/lib/libopencm3_stm32f4.a(gpio_common_f0234.o)
                0x08000ba2                gpio_mode_setup
 .text.gpio_set_af
                0x08000be2       0x58 /home/bballant/code/stm32/f4/libopencm3stm32/lib/libopencm3_stm32f4.a(gpio_common_f0234.o)
                0x08000be2                gpio_set_af
 .text.rcc_periph_clock_enable
                0x08000c3a       0x1a /home/bballant/code/stm32/f4/libopencm3stm32/lib/libopencm3_stm32f4.a(rcc_common_all.o)
                0x08000c3a                rcc_periph_clock_enable
 .text.rcc_is_osc_ready
                0x08000c54       0x64 /home/bballant/code/stm32/f4/libopencm3stm32/lib/libopencm3_stm32f4.a(rcc.o)
                0x08000c54                rcc_is_osc_ready
 .text.rcc_wait_for_osc_ready
                0x08000cb8       0x10 /home/bballant/code/stm32/f4/libopencm3stm32/lib/libopencm3_stm32f4.a(rcc.o)
                0x08000cb8                rcc_wait_for_osc_ready
 .text.rcc_osc_on
                0x08000cc8       0x74 /home/bballant/code/stm32/f4/libopencm3stm32/lib/libopencm3_stm32f4.a(rcc.o)
                0x08000cc8                rcc_osc_on
 .text.rcc_osc_off
                0x08000d3c       0x74 /home/bballant/code/stm32/f4/libopencm3stm32/lib/libopencm3_stm32f4.a(rcc.o)
                0x08000d3c                rcc_osc_off
 .text.rcc_set_sysclk_source
                0x08000db0       0x18 /home/bballant/code/stm32/f4/libopencm3stm32/lib/libopencm3_stm32f4.a(rcc.o)
                0x08000db0                rcc_set_sysclk_source
 .text.rcc_set_ppre2
                0x08000dc8       0x18 /home/bballant/code/stm32/f4/libopencm3stm32/lib/libopencm3_stm32f4.a(rcc.o)
                0x08000dc8                rcc_set_ppre2
 .text.rcc_set_ppre1
                0x08000de0       0x18 /home/bballant/code/stm32/f4/libopencm3stm32/lib/libopencm3_stm32f4.a(rcc.o)
                0x08000de0                rcc_set_ppre1
 .text.rcc_set_hpre
                0x08000df8       0x18 /home/bballant/code/stm32/f4/libopencm3stm32/lib/libopencm3_stm32f4.a(rcc.o)
                0x08000df8                rcc_set_hpre
 .text.rcc_set_main_pll_hsi
                0x08000e10       0x44 /home/bballant/code/stm32/f4/libopencm3stm32/lib/libopencm3_stm32f4.a(rcc.o)
                0x08000e10                rcc_set_main_pll_hsi
 .text.rcc_set_main_pll_hse
                0x08000e54       0x44 /home/bballant/code/stm32/f4/libopencm3stm32/lib/libopencm3_stm32f4.a(rcc.o)
                0x08000e54                rcc_set_main_pll_hse
 .text.rcc_clock_setup_pll
                0x08000e98       0xe4 /home/bballant/code/stm32/f4/libopencm3stm32/lib/libopencm3_stm32f4.a(rcc.o)
                0x08000e98                rcc_clock_setup_pll
 .text.usart_set_baudrate
                0x08000f7c       0x2c /home/bballant/code/stm32/f4/libopencm3stm32/lib/libopencm3_stm32f4.a(usart_common_all.o)
                0x08000f7c                usart_set_baudrate
 .text.usart_set_databits
                0x08000fa8       0x12 /home/bballant/code/stm32/f4/libopencm3stm32/lib/libopencm3_stm32f4.a(usart_common_all.o)
                0x08000fa8                usart_set_databits
 .text.usart_set_stopbits
                0x08000fba        0xc /home/bballant/code/stm32/f4/libopencm3stm32/lib/libopencm3_stm32f4.a(usart_common_all.o)
                0x08000fba                usart_set_stopbits
 .text.usart_set_parity
                0x08000fc6        0xc /home/bballant/code/stm32/f4/libopencm3stm32/lib/libopencm3_stm32f4.a(usart_common_all.o)
                0x08000fc6                usart_set_parity
 .text.usart_set_mode
                0x08000fd2        0xc /home/bballant/code/stm32/f4/libopencm3stm32/lib/libopencm3_stm32f4.a(usart_common_all.o)
                0x08000fd2                usart_set_mode
 .text.usart_set_flow_control
                0x08000fde        0xc /home/bballant/code/stm32/f4/libopencm3stm32/lib/libopencm3_stm32f4.a(usart_common_all.o)
                0x08000fde                usart_set_flow_control
 .text.usart_enable
                0x08000fea        0xa /home/bballant/code/stm32/f4/libopencm3stm32/lib/libopencm3_stm32f4.a(usart_common_all.o)
                0x08000fea                usart_enable
 .text.blocking_handler
                0x08000ff4        0x2 /home/bballant/code/stm32/f4/libopencm3stm32/lib/libopencm3_stm32f4.a(vector.o)
                0x08000ff4                dma2_stream1_isr
                0x08000ff4                tim8_brk_tim12_isr
                0x08000ff4                dma1_stream7_isr
                0x08000ff4                usart3_isr
                0x08000ff4                tim7_isr
                0x08000ff4                dma2d_isr
                0x08000ff4                uart8_isr
                0x08000ff4                dma1_stream2_isr
                0x08000ff4                otg_hs_isr
                0x08000ff4                blocking_handler
                0x08000ff4                tim5_isr
                0x08000ff4                rtc_wkup_isr
                0x08000ff4                otg_fs_isr
                0x08000ff4                spi1_isr
                0x08000ff4                i2c3_er_isr
                0x08000ff4                exti2_isr
                0x08000ff4                spi5_isr
                0x08000ff4                usb_fs_wkup_isr
                0x08000ff4                tamp_stamp_isr
                0x08000ff4                can1_rx1_isr
                0x08000ff4                dma2_stream0_isr
                0x08000ff4                usart1_isr
                0x08000ff4                i2c3_ev_isr
                0x08000ff4                usage_fault_handler
                0x08000ff4                can2_rx0_isr
                0x08000ff4                dma1_stream6_isr
                0x08000ff4                can2_rx1_isr
                0x08000ff4                can1_sce_isr
                0x08000ff4                tim1_cc_isr
                0x08000ff4                can1_tx_isr
                0x08000ff4                tim1_up_tim10_isr
                0x08000ff4                sdio_isr
                0x08000ff4                eth_isr
                0x08000ff4                spi6_isr
                0x08000ff4                dma2_stream5_isr
                0x08000ff4                pvd_isr
                0x08000ff4                can1_rx0_isr
                0x08000ff4                rcc_isr
                0x08000ff4                dma2_stream3_isr
                0x08000ff4                flash_isr
                0x08000ff4                uart4_isr
                0x08000ff4                lcd_tft_isr
                0x08000ff4                rtc_alarm_isr
                0x08000ff4                exti15_10_isr
                0x08000ff4                hash_rng_isr
                0x08000ff4                tim1_trg_com_tim11_isr
                0x08000ff4                hard_fault_handler
                0x08000ff4                exti1_isr
                0x08000ff4                i2c1_ev_isr
                0x08000ff4                usart6_isr
                0x08000ff4                spi2_isr
                0x08000ff4                cryp_isr
                0x08000ff4                nvic_wwdg_isr
                0x08000ff4                dma1_stream1_isr
                0x08000ff4                dma2_stream4_isr
                0x08000ff4                exti3_isr
                0x08000ff4                tim3_isr
                0x08000ff4                usart2_isr
                0x08000ff4                sai1_isr
                0x08000ff4                fpu_isr
                0x08000ff4                dma1_stream4_isr
                0x08000ff4                i2c2_er_isr
                0x08000ff4                i2c2_ev_isr
                0x08000ff4                uart5_isr
                0x08000ff4                dma2_stream6_isr
                0x08000ff4                spi4_isr
                0x08000ff4                adc_isr
                0x08000ff4                dma2_stream7_isr
                0x08000ff4                tim8_up_tim13_isr
                0x08000ff4                fsmc_isr
                0x08000ff4                exti4_isr
                0x08000ff4                tim6_dac_isr
                0x08000ff4                dma1_stream3_isr
                0x08000ff4                tim8_trg_com_tim14_isr
                0x08000ff4                mem_manage_handler
                0x08000ff4                lcd_tft_err_isr
                0x08000ff4                can2_tx_isr
                0x08000ff4                exti9_5_isr
                0x08000ff4                tim1_brk_tim9_isr
                0x08000ff4                uart7_isr
                0x08000ff4                can2_sce_isr
                0x08000ff4                tim4_isr
                0x08000ff4                otg_hs_wkup_isr
                0x08000ff4                i2c1_er_isr
                0x08000ff4                dma1_stream0_isr
                0x08000ff4                tim8_cc_isr
                0x08000ff4                dcmi_isr
                0x08000ff4                dma2_stream2_isr
                0x08000ff4                eth_wkup_isr
                0x08000ff4                bus_fault_handler
                0x08000ff4                otg_hs_ep1_out_isr
                0x08000ff4                spi3_isr
                0x08000ff4                dma1_stream5_isr
                0x08000ff4                otg_hs_ep1_in_isr
                0x08000ff4                tim2_isr
                0x08000ff4                exti0_isr
 .text.null_handler
                0x08000ff6        0x2 /home/bballant/code/stm32/f4/libopencm3stm32/lib/libopencm3_stm32f4.a(vector.o)
                0x08000ff6                null_handler
                0x08000ff6                debug_monitor_handler
                0x08000ff6                nmi_handler
 .text.reset_handler
                0x08000ff8       0xa0 /home/bballant/code/stm32/f4/libopencm3stm32/lib/libopencm3_stm32f4.a(vector.o)
                0x08000ff8                reset_handler
 .text.flash_set_ws
                0x08001098       0x18 /home/bballant/code/stm32/f4/libopencm3stm32/lib/libopencm3_stm32f4.a(flash_common_all.o)
                0x08001098                flash_set_ws
 .text.flash_dcache_enable
                0x080010b0       0x14 /home/bballant/code/stm32/f4/libopencm3stm32/lib/libopencm3_stm32f4.a(flash_common_idcache.o)
                0x080010b0                flash_dcache_enable
 .text.flash_dcache_disable
                0x080010c4       0x14 /home/bballant/code/stm32/f4/libopencm3stm32/lib/libopencm3_stm32f4.a(flash_common_idcache.o)
                0x080010c4                flash_dcache_disable
 .text.flash_icache_enable
                0x080010d8       0x14 /home/bballant/code/stm32/f4/libopencm3stm32/lib/libopencm3_stm32f4.a(flash_common_idcache.o)
                0x080010d8                flash_icache_enable
 .text.flash_icache_disable
                0x080010ec       0x14 /home/bballant/code/stm32/f4/libopencm3stm32/lib/libopencm3_stm32f4.a(flash_common_idcache.o)
                0x080010ec                flash_icache_disable
 .text.pwr_set_vos_scale
                0x08001100       0x18 /home/bballant/code/stm32/f4/libopencm3stm32/lib/libopencm3_stm32f4.a(pwr.o)
                0x08001100                pwr_set_vos_scale
                0x08001118                        . = ALIGN (0x4)
 *(.rodata*)
 .rodata.main.str1.1
                0x08001118        0x6 bunu.o
 *fill*         0x0800111e        0x2 
 .rodata        0x08001120       0x1c bunu.o
 .rodata.vTaskStartScheduler.str1.1
                0x0800113c        0x5 rtos/tasks.o
                0x08001144                        . = ALIGN (0x4)
 *fill*         0x08001141        0x3 

.glue_7         0x08001144        0x0
 .glue_7        0x08001144        0x0 linker stubs

.glue_7t        0x08001144        0x0
 .glue_7t       0x08001144        0x0 linker stubs

.vfp11_veneer   0x08001144        0x0
 .vfp11_veneer  0x08001144        0x0 linker stubs

.v4_bx          0x08001144        0x0
 .v4_bx         0x08001144        0x0 linker stubs

.iplt           0x08001144        0x0
 .iplt          0x08001144        0x0 bunu.o

.rel.dyn        0x08001144        0x0
 .rel.iplt      0x08001144        0x0 bunu.o

.preinit_array  0x08001144        0x0
                0x08001144                        . = ALIGN (0x4)
                0x08001144                        __preinit_array_start = .
 *(.preinit_array)
                0x08001144                        __preinit_array_end = .

.init_array     0x08001144        0x0
                0x08001144                        . = ALIGN (0x4)
                0x08001144                        __init_array_start = .
 *(SORT_BY_NAME(.init_array.*))
 *(.init_array)
                0x08001144                        __init_array_end = .

.fini_array     0x08001144        0x0
                0x08001144                        . = ALIGN (0x4)
                0x08001144                        __fini_array_start = .
 *(.fini_array)
 *(SORT_BY_NAME(.fini_array.*))
                0x08001144                        __fini_array_end = .

.ARM.extab
 *(.ARM.extab*)

.ARM.exidx      0x08001144        0x0
                0x08001144                        __exidx_start = .
 *(.ARM.exidx*)
                0x08001144                        __exidx_end = .
                0x08001144                        . = ALIGN (0x4)
                0x08001144                        _etext = .

.data           0x20000000       0x10 load address 0x08001144
                0x20000000                        _data = .
 *(.data*)
 .data.uxCriticalNesting
                0x20000000        0x4 rtos/port.o
 .data.rcc_apb2_frequency
                0x20000004        0x4 /home/bballant/code/stm32/f4/libopencm3stm32/lib/libopencm3_stm32f4.a(rcc.o)
                0x20000004                rcc_apb2_frequency
 .data.rcc_apb1_frequency
                0x20000008        0x4 /home/bballant/code/stm32/f4/libopencm3stm32/lib/libopencm3_stm32f4.a(rcc.o)
                0x20000008                rcc_apb1_frequency
 .data.rcc_ahb_frequency
                0x2000000c        0x4 /home/bballant/code/stm32/f4/libopencm3stm32/lib/libopencm3_stm32f4.a(rcc.o)
                0x2000000c                rcc_ahb_frequency
                0x20000010                        . = ALIGN (0x4)
                0x20000010                        _edata = .
                0x08001144                        _data_loadaddr = LOADADDR (.data)

.igot.plt       0x20000010        0x0 load address 0x08001154
 .igot.plt      0x20000010        0x0 bunu.o

.bss            0x20000010     0x44f0 load address 0x08001154
 *(.bss*)
 .bss.xBlockAllocatedBit
                0x20000010        0x4 rtos/heap_4.o
 .bss.xMinimumEverFreeBytesRemaining
                0x20000014        0x4 rtos/heap_4.o
 .bss.xFreeBytesRemaining
                0x20000018        0x4 rtos/heap_4.o
 .bss.pxEnd     0x2000001c        0x4 rtos/heap_4.o
 .bss.xStart    0x20000020        0x8 rtos/heap_4.o
 .bss.ucHeap    0x20000028     0x4400 rtos/heap_4.o
 .bss.uxSchedulerSuspended
                0x20004428        0x4 rtos/tasks.o
 .bss.xIdleTaskHandle
                0x2000442c        0x4 rtos/tasks.o
 .bss.xNextTaskUnblockTime
                0x20004430        0x4 rtos/tasks.o
 .bss.uxTaskNumber
                0x20004434        0x4 rtos/tasks.o
 .bss.xNumOfOverflows
                0x20004438        0x4 rtos/tasks.o
 .bss.xYieldPending
                0x2000443c        0x4 rtos/tasks.o
 .bss.uxPendedTicks
                0x20004440        0x4 rtos/tasks.o
 .bss.xSchedulerRunning
                0x20004444        0x4 rtos/tasks.o
 .bss.uxTopReadyPriority
                0x20004448        0x4 rtos/tasks.o
 .bss.xTickCount
                0x2000444c        0x4 rtos/tasks.o
 .bss.uxCurrentNumberOfTasks
                0x20004450        0x4 rtos/tasks.o
 .bss.xPendingReadyList
                0x20004454       0x14 rtos/tasks.o
 .bss.pxOverflowDelayedTaskList
                0x20004468        0x4 rtos/tasks.o
 .bss.pxDelayedTaskList
                0x2000446c        0x4 rtos/tasks.o
 .bss.xDelayedTaskList2
                0x20004470       0x14 rtos/tasks.o
 .bss.xDelayedTaskList1
                0x20004484       0x14 rtos/tasks.o
 .bss.pxReadyTasksLists
                0x20004498       0x64 rtos/tasks.o
 .bss.pxCurrentTCB
                0x200044fc        0x4 rtos/tasks.o
                0x200044fc                pxCurrentTCB
 *(COMMON)
                0x20004500                        . = ALIGN (0x4)
                0x20004500                        _ebss = .

/DISCARD/
 *(.eh_frame)
                0x20004500                        . = ALIGN (0x4)
                0x20004500                        end = .
                0x20020000                        PROVIDE (_stack = (ORIGIN (ram) + LENGTH (ram)))
OUTPUT(bunu.elf elf32-littlearm)
LOAD linker stubs

.debug_info     0x00000000     0x55c0
 .debug_info    0x00000000      0xa7a bunu.o
 .debug_info    0x00000a7a      0x3f9 rtos/heap_4.o
 .debug_info    0x00000e73      0x2ae rtos/list.o
 .debug_info    0x00001121      0x316 rtos/port.o
 .debug_info    0x00001437     0x1868 rtos/tasks.o
 .debug_info    0x00002c9f       0xde rtos/opencm3.o
 .debug_info    0x00002d7d      0x256 /home/bballant/code/stm32/f4/libopencm3stm32/lib/libopencm3_stm32f4.a(gpio_common_all.o)
 .debug_info    0x00002fd3      0x21b /home/bballant/code/stm32/f4/libopencm3stm32/lib/libopencm3_stm32f4.a(gpio_common_f0234.o)
 .debug_info    0x000031ee      0x932 /home/bballant/code/stm32/f4/libopencm3stm32/lib/libopencm3_stm32f4.a(rcc_common_all.o)
 .debug_info    0x00003b20      0xf9b /home/bballant/code/stm32/f4/libopencm3stm32/lib/libopencm3_stm32f4.a(rcc.o)
 .debug_info    0x00004abb      0x569 /home/bballant/code/stm32/f4/libopencm3stm32/lib/libopencm3_stm32f4.a(usart_common_all.o)
 .debug_info    0x00005024      0x2d9 /home/bballant/code/stm32/f4/libopencm3stm32/lib/libopencm3_stm32f4.a(vector.o)
 .debug_info    0x000052fd       0xf1 /home/bballant/code/stm32/f4/libopencm3stm32/lib/libopencm3_stm32f4.a(flash_common_all.o)
 .debug_info    0x000053ee       0xe9 /home/bballant/code/stm32/f4/libopencm3stm32/lib/libopencm3_stm32f4.a(flash_common_idcache.o)
 .debug_info    0x000054d7       0xe9 /home/bballant/code/stm32/f4/libopencm3stm32/lib/libopencm3_stm32f4.a(pwr.o)

.debug_abbrev   0x00000000     0x1670
 .debug_abbrev  0x00000000      0x1d4 bunu.o
 .debug_abbrev  0x000001d4      0x243 rtos/heap_4.o
 .debug_abbrev  0x00000417      0x103 rtos/list.o
 .debug_abbrev  0x0000051a      0x220 rtos/port.o
 .debug_abbrev  0x0000073a      0x436 rtos/tasks.o
 .debug_abbrev  0x00000b70       0x81 rtos/opencm3.o
 .debug_abbrev  0x00000bf1      0x115 /home/bballant/code/stm32/f4/libopencm3stm32/lib/libopencm3_stm32f4.a(gpio_common_all.o)
 .debug_abbrev  0x00000d06       0xc2 /home/bballant/code/stm32/f4/libopencm3stm32/lib/libopencm3_stm32f4.a(gpio_common_f0234.o)
 .debug_abbrev  0x00000dc8      0x185 /home/bballant/code/stm32/f4/libopencm3stm32/lib/libopencm3_stm32f4.a(rcc_common_all.o)
 .debug_abbrev  0x00000f4d      0x2da /home/bballant/code/stm32/f4/libopencm3stm32/lib/libopencm3_stm32f4.a(rcc.o)
 .debug_abbrev  0x00001227      0x164 /home/bballant/code/stm32/f4/libopencm3stm32/lib/libopencm3_stm32f4.a(usart_common_all.o)
 .debug_abbrev  0x0000138b      0x15f /home/bballant/code/stm32/f4/libopencm3stm32/lib/libopencm3_stm32f4.a(vector.o)
 .debug_abbrev  0x000014ea       0x96 /home/bballant/code/stm32/f4/libopencm3stm32/lib/libopencm3_stm32f4.a(flash_common_all.o)
 .debug_abbrev  0x00001580       0x56 /home/bballant/code/stm32/f4/libopencm3stm32/lib/libopencm3_stm32f4.a(flash_common_idcache.o)
 .debug_abbrev  0x000015d6       0x9a /home/bballant/code/stm32/f4/libopencm3stm32/lib/libopencm3_stm32f4.a(pwr.o)

.debug_loclists
                0x00000000     0x1641
 .debug_loclists
                0x00000000       0x49 bunu.o
 .debug_loclists
                0x00000049      0x288 rtos/heap_4.o
 .debug_loclists
                0x000002d1       0x71 rtos/list.o
 .debug_loclists
                0x00000342       0x7c rtos/port.o
 .debug_loclists
                0x000003be      0xa7c rtos/tasks.o
 .debug_loclists
                0x00000e3a       0x7e /home/bballant/code/stm32/f4/libopencm3stm32/lib/libopencm3_stm32f4.a(gpio_common_all.o)
 .debug_loclists
                0x00000eb8       0xcf /home/bballant/code/stm32/f4/libopencm3stm32/lib/libopencm3_stm32f4.a(gpio_common_f0234.o)
 .debug_loclists
                0x00000f87       0x68 /home/bballant/code/stm32/f4/libopencm3stm32/lib/libopencm3_stm32f4.a(rcc_common_all.o)
 .debug_loclists
                0x00000fef      0x466 /home/bballant/code/stm32/f4/libopencm3stm32/lib/libopencm3_stm32f4.a(rcc.o)
 .debug_loclists
                0x00001455       0xe8 /home/bballant/code/stm32/f4/libopencm3stm32/lib/libopencm3_stm32f4.a(usart_common_all.o)
 .debug_loclists
                0x0000153d       0xb6 /home/bballant/code/stm32/f4/libopencm3stm32/lib/libopencm3_stm32f4.a(vector.o)
 .debug_loclists
                0x000015f3       0x17 /home/bballant/code/stm32/f4/libopencm3stm32/lib/libopencm3_stm32f4.a(flash_common_all.o)
 .debug_loclists
                0x0000160a       0x37 /home/bballant/code/stm32/f4/libopencm3stm32/lib/libopencm3_stm32f4.a(pwr.o)

.debug_aranges  0x00000000      0x628
 .debug_aranges
                0x00000000       0x28 bunu.o
 .debug_aranges
                0x00000028       0x48 rtos/heap_4.o
 .debug_aranges
                0x00000070       0x40 rtos/list.o
 .debug_aranges
                0x000000b0       0x70 rtos/port.o
 .debug_aranges
                0x00000120      0x120 rtos/tasks.o
 .debug_aranges
                0x00000240       0x30 rtos/opencm3.o
 .debug_aranges
                0x00000270       0x50 /home/bballant/code/stm32/f4/libopencm3stm32/lib/libopencm3_stm32f4.a(gpio_common_all.o)
 .debug_aranges
                0x000002c0       0x30 /home/bballant/code/stm32/f4/libopencm3stm32/lib/libopencm3_stm32f4.a(gpio_common_f0234.o)
 .debug_aranges
                0x000002f0       0x80 /home/bballant/code/stm32/f4/libopencm3stm32/lib/libopencm3_stm32f4.a(rcc_common_all.o)
 .debug_aranges
                0x00000370      0x110 /home/bballant/code/stm32/f4/libopencm3stm32/lib/libopencm3_stm32f4.a(rcc.o)
 .debug_aranges
                0x00000480       0xd8 /home/bballant/code/stm32/f4/libopencm3stm32/lib/libopencm3_stm32f4.a(usart_common_all.o)
 .debug_aranges
                0x00000558       0x30 /home/bballant/code/stm32/f4/libopencm3stm32/lib/libopencm3_stm32f4.a(vector.o)
 .debug_aranges
                0x00000588       0x38 /home/bballant/code/stm32/f4/libopencm3stm32/lib/libopencm3_stm32f4.a(flash_common_all.o)
 .debug_aranges
                0x000005c0       0x48 /home/bballant/code/stm32/f4/libopencm3stm32/lib/libopencm3_stm32f4.a(flash_common_idcache.o)
 .debug_aranges
                0x00000608       0x20 /home/bballant/code/stm32/f4/libopencm3stm32/lib/libopencm3_stm32f4.a(pwr.o)

.debug_rnglists
                0x00000000      0x507
 .debug_rnglists
                0x00000000       0x1a bunu.o
 .debug_rnglists
                0x0000001a       0x32 rtos/heap_4.o
 .debug_rnglists
                0x0000004c       0x2b rtos/list.o
 .debug_rnglists
                0x00000077       0x5b rtos/port.o
 .debug_rnglists
                0x000000d2      0x15f rtos/tasks.o
 .debug_rnglists
                0x00000231       0x1f rtos/opencm3.o
 .debug_rnglists
                0x00000250       0x37 /home/bballant/code/stm32/f4/libopencm3stm32/lib/libopencm3_stm32f4.a(gpio_common_all.o)
 .debug_rnglists
                0x00000287       0x1f /home/bballant/code/stm32/f4/libopencm3stm32/lib/libopencm3_stm32f4.a(gpio_common_f0234.o)
 .debug_rnglists
                0x000002a6       0x5b /home/bballant/code/stm32/f4/libopencm3stm32/lib/libopencm3_stm32f4.a(rcc_common_all.o)
 .debug_rnglists
                0x00000301       0xe0 /home/bballant/code/stm32/f4/libopencm3stm32/lib/libopencm3_stm32f4.a(rcc.o)
 .debug_rnglists
                0x000003e1       0x9d /home/bballant/code/stm32/f4/libopencm3stm32/lib/libopencm3_stm32f4.a(usart_common_all.o)
 .debug_rnglists
                0x0000047e       0x20 /home/bballant/code/stm32/f4/libopencm3stm32/lib/libopencm3_stm32f4.a(vector.o)
 .debug_rnglists
                0x0000049e       0x25 /home/bballant/code/stm32/f4/libopencm3stm32/lib/libopencm3_stm32f4.a(flash_common_all.o)
 .debug_rnglists
                0x000004c3       0x31 /home/bballant/code/stm32/f4/libopencm3stm32/lib/libopencm3_stm32f4.a(flash_common_idcache.o)
 .debug_rnglists
                0x000004f4       0x13 /home/bballant/code/stm32/f4/libopencm3stm32/lib/libopencm3_stm32f4.a(pwr.o)

.debug_line     0x00000000     0x52f3
 .debug_line    0x00000000      0x2eb bunu.o
 .debug_line    0x000002eb      0x513 rtos/heap_4.o
 .debug_line    0x000007fe      0x2d9 rtos/list.o
 .debug_line    0x00000ad7      0x368 rtos/port.o
 .debug_line    0x00000e3f     0x1226 rtos/tasks.o
 .debug_line    0x00002065       0x6b rtos/opencm3.o
 .debug_line    0x000020d0      0x488 /home/bballant/code/stm32/f4/libopencm3stm32/lib/libopencm3_stm32f4.a(gpio_common_all.o)
 .debug_line    0x00002558      0x558 /home/bballant/code/stm32/f4/libopencm3stm32/lib/libopencm3_stm32f4.a(gpio_common_f0234.o)
 .debug_line    0x00002ab0      0x526 /home/bballant/code/stm32/f4/libopencm3stm32/lib/libopencm3_stm32f4.a(rcc_common_all.o)
 .debug_line    0x00002fd6      0xb5e /home/bballant/code/stm32/f4/libopencm3stm32/lib/libopencm3_stm32f4.a(rcc.o)
 .debug_line    0x00003b34      0x70e /home/bballant/code/stm32/f4/libopencm3stm32/lib/libopencm3_stm32f4.a(usart_common_all.o)
 .debug_line    0x00004242      0x4da /home/bballant/code/stm32/f4/libopencm3stm32/lib/libopencm3_stm32f4.a(vector.o)
 .debug_line    0x0000471c      0x428 /home/bballant/code/stm32/f4/libopencm3stm32/lib/libopencm3_stm32f4.a(flash_common_all.o)
 .debug_line    0x00004b44      0x441 /home/bballant/code/stm32/f4/libopencm3stm32/lib/libopencm3_stm32f4.a(flash_common_idcache.o)
 .debug_line    0x00004f85      0x36e /home/bballant/code/stm32/f4/libopencm3stm32/lib/libopencm3_stm32f4.a(pwr.o)

.debug_str      0x00000000    0x10aee
 .debug_str     0x00000000      0x88c bunu.o
                                0x993 (size before relaxing)
 .debug_str     0x0000088c      0x1f2 rtos/heap_4.o
                                0x357 (size before relaxing)
 .debug_str     0x00000a7e      0x11e rtos/list.o
                                0x2a7 (size before relaxing)
 .debug_str     0x00000b9c      0x174 rtos/port.o
                                0x301 (size before relaxing)
 .debug_str     0x00000d10      0x7f0 rtos/tasks.o
                                0xbf4 (size before relaxing)
 .debug_str     0x00001500       0x40 rtos/opencm3.o
                                0x1bf (size before relaxing)
 .debug_str     0x00001540     0x6580 /home/bballant/code/stm32/f4/libopencm3stm32/lib/libopencm3_stm32f4.a(gpio_common_all.o)
                               0x6719 (size before relaxing)
 .debug_str     0x00007ac0       0x79 /home/bballant/code/stm32/f4/libopencm3stm32/lib/libopencm3_stm32f4.a(gpio_common_f0234.o)
                               0x673b (size before relaxing)
 .debug_str     0x00007b39     0x41be /home/bballant/code/stm32/f4/libopencm3stm32/lib/libopencm3_stm32f4.a(rcc_common_all.o)
                               0x9ad8 (size before relaxing)
 .debug_str     0x0000bcf7      0xbd4 /home/bballant/code/stm32/f4/libopencm3stm32/lib/libopencm3_stm32f4.a(rcc.o)
                               0xa34d (size before relaxing)
 .debug_str     0x0000c8cb     0x146b /home/bballant/code/stm32/f4/libopencm3stm32/lib/libopencm3_stm32f4.a(usart_common_all.o)
                               0xa572 (size before relaxing)
 .debug_str     0x0000dd36     0x2d07 /home/bballant/code/stm32/f4/libopencm3stm32/lib/libopencm3_stm32f4.a(vector.o)
                               0x6fce (size before relaxing)
 .debug_str     0x00010a3d       0x64 /home/bballant/code/stm32/f4/libopencm3stm32/lib/libopencm3_stm32f4.a(flash_common_all.o)
                               0x5a70 (size before relaxing)
 .debug_str     0x00010aa1       0x47 /home/bballant/code/stm32/f4/libopencm3stm32/lib/libopencm3_stm32f4.a(flash_common_idcache.o)
                               0x5a92 (size before relaxing)
 .debug_str     0x00010ae8        0x6 /home/bballant/code/stm32/f4/libopencm3stm32/lib/libopencm3_stm32f4.a(pwr.o)
                               0x56ec (size before relaxing)

.comment        0x00000000       0x4c
 .comment       0x00000000       0x4c bunu.o
                                 0x4d (size before relaxing)
 .comment       0x0000004c       0x4d rtos/heap_4.o
 .comment       0x0000004c       0x4d rtos/list.o
 .comment       0x0000004c       0x4d rtos/port.o
 .comment       0x0000004c       0x4d rtos/tasks.o
 .comment       0x0000004c       0x4d rtos/opencm3.o
 .comment       0x0000004c       0x4d /home/bballant/code/stm32/f4/libopencm3stm32/lib/libopencm3_stm32f4.a(gpio_common_all.o)
 .comment       0x0000004c       0x4d /home/bballant/code/stm32/f4/libopencm3stm32/lib/libopencm3_stm32f4.a(gpio_common_f0234.o)
 .comment       0x0000004c       0x4d /home/bballant/code/stm32/f4/libopencm3stm32/lib/libopencm3_stm32f4.a(rcc_common_all.o)
 .comment       0x0000004c       0x4d /home/bballant/code/stm32/f4/libopencm3stm32/lib/libopencm3_stm32f4.a(rcc.o)
 .comment       0x0000004c       0x4d /home/bballant/code/stm32/f4/libopencm3stm32/lib/libopencm3_stm32f4.a(usart_common_all.o)
 .comment       0x0000004c       0x4d /home/bballant/code/stm32/f4/libopencm3stm32/lib/libopencm3_stm32f4.a(vector.o)
 .comment       0x0000004c       0x4d /home/bballant/code/stm32/f4/libopencm3stm32/lib/libopencm3_stm32f4.a(flash_common_all.o)
 .comment       0x0000004c       0x4d /home/bballant/code/stm32/f4/libopencm3stm32/lib/libopencm3_stm32f4.a(flash_common_idcache.o)
 .comment       0x0000004c       0x4d /home/bballant/code/stm32/f4/libopencm3stm32/lib/libopencm3_stm32f4.a(pwr.o)

.ARM.attributes
                0x00000000       0x32
 .ARM.attributes
                0x00000000       0x34 bunu.o
 .ARM.attributes
                0x00000034       0x34 rtos/heap_4.o
 .ARM.attributes
                0x00000068       0x34 rtos/list.o
 .ARM.attributes
                0x0000009c       0x34 rtos/port.o
 .ARM.attributes
                0x000000d0       0x34 rtos/tasks.o
 .ARM.attributes
                0x00000104       0x34 rtos/opencm3.o
 .ARM.attributes
                0x00000138       0x34 /home/bballant/code/stm32/f4/libopencm3stm32/lib/libopencm3_stm32f4.a(gpio_common_all.o)
 .ARM.attributes
                0x0000016c       0x34 /home/bballant/code/stm32/f4/libopencm3stm32/lib/libopencm3_stm32f4.a(gpio_common_f0234.o)
 .ARM.attributes
                0x000001a0       0x34 /home/bballant/code/stm32/f4/libopencm3stm32/lib/libopencm3_stm32f4.a(rcc_common_all.o)
 .ARM.attributes
                0x000001d4       0x34 /home/bballant/code/stm32/f4/libopencm3stm32/lib/libopencm3_stm32f4.a(rcc.o)
 .ARM.attributes
                0x00000208       0x34 /home/bballant/code/stm32/f4/libopencm3stm32/lib/libopencm3_stm32f4.a(usart_common_all.o)
 .ARM.attributes
                0x0000023c       0x34 /home/bballant/code/stm32/f4/libopencm3stm32/lib/libopencm3_stm32f4.a(vector.o)
 .ARM.attributes
                0x00000270       0x34 /home/bballant/code/stm32/f4/libopencm3stm32/lib/libopencm3_stm32f4.a(flash_common_all.o)
 .ARM.attributes
                0x000002a4       0x34 /home/bballant/code/stm32/f4/libopencm3stm32/lib/libopencm3_stm32f4.a(flash_common_idcache.o)
 .ARM.attributes
                0x000002d8       0x34 /home/bballant/code/stm32/f4/libopencm3stm32/lib/libopencm3_stm32f4.a(pwr.o)

.debug_frame    0x00000000      0xcb0
 .debug_frame   0x00000000       0x48 bunu.o
 .debug_frame   0x00000048       0x9c rtos/heap_4.o
 .debug_frame   0x000000e4       0x6c rtos/list.o
 .debug_frame   0x00000150       0xd0 rtos/port.o
 .debug_frame   0x00000220      0x368 rtos/tasks.o
 .debug_frame   0x00000588       0x40 rtos/opencm3.o
 .debug_frame   0x000005c8       0x80 /home/bballant/code/stm32/f4/libopencm3stm32/lib/libopencm3_stm32f4.a(gpio_common_all.o)
 .debug_frame   0x00000648       0x70 /home/bballant/code/stm32/f4/libopencm3stm32/lib/libopencm3_stm32f4.a(gpio_common_f0234.o)
 .debug_frame   0x000006b8       0xe0 /home/bballant/code/stm32/f4/libopencm3stm32/lib/libopencm3_stm32f4.a(rcc_common_all.o)
 .debug_frame   0x00000798      0x234 /home/bballant/code/stm32/f4/libopencm3stm32/lib/libopencm3_stm32f4.a(rcc.o)
 .debug_frame   0x000009cc      0x1b8 /home/bballant/code/stm32/f4/libopencm3stm32/lib/libopencm3_stm32f4.a(usart_common_all.o)
 .debug_frame   0x00000b84       0x4c /home/bballant/code/stm32/f4/libopencm3stm32/lib/libopencm3_stm32f4.a(vector.o)
 .debug_frame   0x00000bd0       0x50 /home/bballant/code/stm32/f4/libopencm3stm32/lib/libopencm3_stm32f4.a(flash_common_all.o)
 .debug_frame   0x00000c20       0x70 /home/bballant/code/stm32/f4/libopencm3stm32/lib/libopencm3_stm32f4.a(flash_common_idcache.o)
 .debug_frame   0x00000c90       0x20 /home/bballant/code/stm32/f4/libopencm3stm32/lib/libopencm3_stm32f4.a(pwr.o)

.debug_macro    0x00000000     0x39aa
 .debug_macro   0x00000000       0xd1 /home/bballant/code/stm32/f4/libopencm3stm32/lib/libopencm3_stm32f4.a(gpio_common_all.o)
 .debug_macro   0x000000d1      0xac0 /home/bballant/code/stm32/f4/libopencm3stm32/lib/libopencm3_stm32f4.a(gpio_common_all.o)
 .debug_macro   0x00000b91       0x1c /home/bballant/code/stm32/f4/libopencm3stm32/lib/libopencm3_stm32f4.a(gpio_common_all.o)
 .debug_macro   0x00000bad       0x22 /home/bballant/code/stm32/f4/libopencm3stm32/lib/libopencm3_stm32f4.a(gpio_common_all.o)
 .debug_macro   0x00000bcf       0x56 /home/bballant/code/stm32/f4/libopencm3stm32/lib/libopencm3_stm32f4.a(gpio_common_all.o)
 .debug_macro   0x00000c25       0x51 /home/bballant/code/stm32/f4/libopencm3stm32/lib/libopencm3_stm32f4.a(gpio_common_all.o)
 .debug_macro   0x00000c76      0x103 /home/bballant/code/stm32/f4/libopencm3stm32/lib/libopencm3_stm32f4.a(gpio_common_all.o)
 .debug_macro   0x00000d79       0x6a /home/bballant/code/stm32/f4/libopencm3stm32/lib/libopencm3_stm32f4.a(gpio_common_all.o)
 .debug_macro   0x00000de3      0x1df /home/bballant/code/stm32/f4/libopencm3stm32/lib/libopencm3_stm32f4.a(gpio_common_all.o)
 .debug_macro   0x00000fc2       0x22 /home/bballant/code/stm32/f4/libopencm3stm32/lib/libopencm3_stm32f4.a(gpio_common_all.o)
 .debug_macro   0x00000fe4       0xe8 /home/bballant/code/stm32/f4/libopencm3stm32/lib/libopencm3_stm32f4.a(gpio_common_all.o)
 .debug_macro   0x000010cc       0x76 /home/bballant/code/stm32/f4/libopencm3stm32/lib/libopencm3_stm32f4.a(gpio_common_all.o)
 .debug_macro   0x00001142      0x280 /home/bballant/code/stm32/f4/libopencm3stm32/lib/libopencm3_stm32f4.a(gpio_common_all.o)
 .debug_macro   0x000013c2       0x76 /home/bballant/code/stm32/f4/libopencm3stm32/lib/libopencm3_stm32f4.a(gpio_common_all.o)
 .debug_macro   0x00001438      0x37e /home/bballant/code/stm32/f4/libopencm3stm32/lib/libopencm3_stm32f4.a(gpio_common_all.o)
 .debug_macro   0x000017b6       0xca /home/bballant/code/stm32/f4/libopencm3stm32/lib/libopencm3_stm32f4.a(gpio_common_all.o)
 .debug_macro   0x00001880       0xd1 /home/bballant/code/stm32/f4/libopencm3stm32/lib/libopencm3_stm32f4.a(gpio_common_f0234.o)
 .debug_macro   0x00001951       0xf0 /home/bballant/code/stm32/f4/libopencm3stm32/lib/libopencm3_stm32f4.a(rcc_common_all.o)
 .debug_macro   0x00001a41       0x8e /home/bballant/code/stm32/f4/libopencm3stm32/lib/libopencm3_stm32f4.a(rcc_common_all.o)
 .debug_macro   0x00001acf       0x46 /home/bballant/code/stm32/f4/libopencm3stm32/lib/libopencm3_stm32f4.a(rcc_common_all.o)
 .debug_macro   0x00001b15      0xcea /home/bballant/code/stm32/f4/libopencm3stm32/lib/libopencm3_stm32f4.a(rcc_common_all.o)
 .debug_macro   0x000027ff      0x124 /home/bballant/code/stm32/f4/libopencm3stm32/lib/libopencm3_stm32f4.a(rcc.o)
 .debug_macro   0x00002923       0x16 /home/bballant/code/stm32/f4/libopencm3stm32/lib/libopencm3_stm32f4.a(rcc.o)
 .debug_macro   0x00002939       0x1c /home/bballant/code/stm32/f4/libopencm3stm32/lib/libopencm3_stm32f4.a(rcc.o)
 .debug_macro   0x00002955      0x143 /home/bballant/code/stm32/f4/libopencm3stm32/lib/libopencm3_stm32f4.a(rcc.o)
 .debug_macro   0x00002a98       0x10 /home/bballant/code/stm32/f4/libopencm3stm32/lib/libopencm3_stm32f4.a(rcc.o)
 .debug_macro   0x00002aa8      0x10b /home/bballant/code/stm32/f4/libopencm3stm32/lib/libopencm3_stm32f4.a(usart_common_all.o)
 .debug_macro   0x00002bb3       0x94 /home/bballant/code/stm32/f4/libopencm3stm32/lib/libopencm3_stm32f4.a(usart_common_all.o)
 .debug_macro   0x00002c47      0x29e /home/bballant/code/stm32/f4/libopencm3stm32/lib/libopencm3_stm32f4.a(usart_common_all.o)
 .debug_macro   0x00002ee5       0xa0 /home/bballant/code/stm32/f4/libopencm3stm32/lib/libopencm3_stm32f4.a(usart_common_all.o)
 .debug_macro   0x00002f85       0xd3 /home/bballant/code/stm32/f4/libopencm3stm32/lib/libopencm3_stm32f4.a(vector.o)
 .debug_macro   0x00003058      0x452 /home/bballant/code/stm32/f4/libopencm3stm32/lib/libopencm3_stm32f4.a(vector.o)
 .debug_macro   0x000034aa       0x6e /home/bballant/code/stm32/f4/libopencm3stm32/lib/libopencm3_stm32f4.a(vector.o)
 .debug_macro   0x00003518      0x22c /home/bballant/code/stm32/f4/libopencm3stm32/lib/libopencm3_stm32f4.a(vector.o)
 .debug_macro   0x00003744       0xd7 /home/bballant/code/stm32/f4/libopencm3stm32/lib/libopencm3_stm32f4.a(flash_common_all.o)
 .debug_macro   0x0000381b       0xd7 /home/bballant/code/stm32/f4/libopencm3stm32/lib/libopencm3_stm32f4.a(flash_common_idcache.o)
 .debug_macro   0x000038f2       0xb8 /home/bballant/code/stm32/f4/libopencm3stm32/lib/libopencm3_stm32f4.a(pwr.o)
